Component: Arm Compiler for Embedded 6.19 Tool: armlink [5e73cb00]

==============================================================================

Section Cross References

    main.o(.text.main) refers to queue.o(.text.xQueueGenericCreate) for xQueueGenericCreate
    main.o(.text.main) refers to window.o(.bss.Motor_Queue) for Motor_Queue
    main.o(.text.main) refers to queue.o(.text.xQueueCreateMutex) for xQueueCreateMutex
    main.o(.text.main) refers to window.o(.bss.Motor_mutex) for Motor_mutex
    main.o(.text.main) refers to window.o(.bss.Driver_up_sem) for Driver_up_sem
    main.o(.text.main) refers to queue.o(.text.xQueueGenericSend) for xQueueGenericSend
    main.o(.text.main) refers to window.o(.bss.Driver_down_sem) for Driver_down_sem
    main.o(.text.main) refers to window.o(.bss.Passenger_up_sem) for Passenger_up_sem
    main.o(.text.main) refers to window.o(.bss.Passenger_down_sem) for Passenger_down_sem
    main.o(.text.main) refers to window.o(.bss.Lock_sem) for Lock_sem
    main.o(.text.main) refers to window.o(.bss.Obstacle_sem) for Obstacle_sem
    main.o(.text.main) refers to window.o(.bss.Limit_sem) for Limit_sem
    main.o(.text.main) refers to window.o(.text.init) for init
    main.o(.text.main) refers to window.o(.text.Lock_Window) for Lock_Window
    main.o(.text.main) refers to main.o(.rodata.str1.1) for .L.str
    main.o(.text.main) refers to tasks.o(.text.xTaskCreate) for xTaskCreate
    main.o(.text.main) refers to window.o(.text.Obstacle_detect) for Obstacle_detect
    main.o(.text.main) refers to window.o(.text.Limit_Task) for Limit_Task
    main.o(.text.main) refers to window.o(.text.Driver_Check_Up) for Driver_Check_Up
    main.o(.text.main) refers to window.o(.text.Driver_Check_Down) for Driver_Check_Down
    main.o(.text.main) refers to window.o(.text.Passenger_Check_Up) for Passenger_Check_Up
    main.o(.text.main) refers to window.o(.text.Passenger_Check_Down) for Passenger_Check_Down
    main.o(.text.main) refers to window.o(.text.Motor_Move) for Motor_Move
    main.o(.text.main) refers to tasks.o(.text.vTaskStartScheduler) for vTaskStartScheduler
    main.o(.ARM.exidx.text.main) refers to main.o(.text.main) for [Anonymous Symbol]
    window.o(.text.Driver_Check_Up) refers to window.o(.bss.Driver_up_sem) for Driver_up_sem
    window.o(.text.Driver_Check_Up) refers to queue.o(.text.xQueueSemaphoreTake) for xQueueSemaphoreTake
    window.o(.text.Driver_Check_Up) refers to window.o(.bss.Motor_mutex) for Motor_mutex
    window.o(.text.Driver_Check_Up) refers to gpio.o(i.GPIOPinRead) for GPIOPinRead
    window.o(.text.Driver_Check_Up) refers to tasks.o(.text.vTaskDelay) for vTaskDelay
    window.o(.text.Driver_Check_Up) refers to window.o(.bss.Change_flag_up) for Change_flag_up
    window.o(.text.Driver_Check_Up) refers to window.o(.bss.Motor_Queue) for Motor_Queue
    window.o(.text.Driver_Check_Up) refers to queue.o(.text.xQueueGenericSend) for xQueueGenericSend
    window.o(.ARM.exidx.text.Driver_Check_Up) refers to window.o(.text.Driver_Check_Up) for [Anonymous Symbol]
    window.o(.text.Driver_Check_Down) refers to window.o(.bss.Driver_down_sem) for Driver_down_sem
    window.o(.text.Driver_Check_Down) refers to queue.o(.text.xQueueSemaphoreTake) for xQueueSemaphoreTake
    window.o(.text.Driver_Check_Down) refers to window.o(.bss.Motor_mutex) for Motor_mutex
    window.o(.text.Driver_Check_Down) refers to gpio.o(i.GPIOPinRead) for GPIOPinRead
    window.o(.text.Driver_Check_Down) refers to tasks.o(.text.vTaskDelay) for vTaskDelay
    window.o(.text.Driver_Check_Down) refers to window.o(.bss.Change_flag_down) for Change_flag_down
    window.o(.text.Driver_Check_Down) refers to window.o(.bss.Motor_Queue) for Motor_Queue
    window.o(.text.Driver_Check_Down) refers to queue.o(.text.xQueueGenericSend) for xQueueGenericSend
    window.o(.ARM.exidx.text.Driver_Check_Down) refers to window.o(.text.Driver_Check_Down) for [Anonymous Symbol]
    window.o(.text.Passenger_Check_Up) refers to window.o(.bss.Passenger_up_sem) for Passenger_up_sem
    window.o(.text.Passenger_Check_Up) refers to queue.o(.text.xQueueSemaphoreTake) for xQueueSemaphoreTake
    window.o(.text.Passenger_Check_Up) refers to window.o(.bss.Motor_mutex) for Motor_mutex
    window.o(.text.Passenger_Check_Up) refers to gpio.o(i.GPIOPinRead) for GPIOPinRead
    window.o(.text.Passenger_Check_Up) refers to tasks.o(.text.vTaskDelay) for vTaskDelay
    window.o(.text.Passenger_Check_Up) refers to window.o(.bss.Change_flag_up) for Change_flag_up
    window.o(.text.Passenger_Check_Up) refers to window.o(.bss.Motor_Queue) for Motor_Queue
    window.o(.text.Passenger_Check_Up) refers to queue.o(.text.xQueueGenericSend) for xQueueGenericSend
    window.o(.ARM.exidx.text.Passenger_Check_Up) refers to window.o(.text.Passenger_Check_Up) for [Anonymous Symbol]
[...]
    Removing tasks.o(.ARM.exidx.text.vTaskPlaceOnEventListRestricted), (8 bytes).
    Removing tasks.o(.ARM.exidx.text.xTaskRemoveFromEventList), (8 bytes).
    Removing tasks.o(.text.vTaskRemoveFromUnorderedEventList), (356 bytes).
    Removing tasks.o(.ARM.exidx.text.vTaskRemoveFromUnorderedEventList), (8 bytes).
    Removing tasks.o(.text.vTaskSetTimeOutState), (74 bytes).
    Removing tasks.o(.ARM.exidx.text.vTaskSetTimeOutState), (8 bytes).
    Removing tasks.o(.ARM.exidx.text.vTaskInternalSetTimeOutState), (8 bytes).
    Removing tasks.o(.ARM.exidx.text.xTaskCheckForTimeOut), (8 bytes).
    Removing tasks.o(.ARM.exidx.text.vTaskMissedYield), (8 bytes).
    Removing tasks.o(.text.xTaskGetCurrentTaskHandle), (20 bytes).
    Removing tasks.o(.ARM.exidx.text.xTaskGetCurrentTaskHandle), (8 bytes).
    Removing tasks.o(.ARM.exidx.text.xTaskGetSchedulerState), (8 bytes).
    Removing tasks.o(.ARM.exidx.text.xTaskPriorityInherit), (8 bytes).
    Removing tasks.o(.ARM.exidx.text.xTaskPriorityDisinherit), (8 bytes).
    Removing tasks.o(.ARM.exidx.text.vTaskPriorityDisinheritAfterTimeout), (8 bytes).
    Removing tasks.o(.text.uxTaskResetEventItemValue), (34 bytes).
    Removing tasks.o(.ARM.exidx.text.uxTaskResetEventItemValue), (8 bytes).
    Removing tasks.o(.ARM.exidx.text.pvTaskIncrementMutexHeldCount), (8 bytes).
    Removing tasks.o(.text.ulTaskGenericNotifyTake), (248 bytes).
    Removing tasks.o(.ARM.exidx.text.ulTaskGenericNotifyTake), (8 bytes).
    Removing tasks.o(.text.xTaskGenericNotifyWait), (280 bytes).
    Removing tasks.o(.ARM.exidx.text.xTaskGenericNotifyWait), (8 bytes).
    Removing tasks.o(.text.xTaskGenericNotify), (554 bytes).
    Removing tasks.o(.ARM.exidx.text.xTaskGenericNotify), (8 bytes).
    Removing tasks.o(.text.xTaskGenericNotifyFromISR), (668 bytes).
    Removing tasks.o(.ARM.exidx.text.xTaskGenericNotifyFromISR), (8 bytes).
    Removing tasks.o(.text.vTaskGenericNotifyGiveFromISR), (498 bytes).
    Removing tasks.o(.ARM.exidx.text.vTaskGenericNotifyGiveFromISR), (8 bytes).
    Removing tasks.o(.text.xTaskGenericNotifyStateClear), (120 bytes).
    Removing tasks.o(.ARM.exidx.text.xTaskGenericNotifyStateClear), (8 bytes).
    Removing tasks.o(.text.ulTaskGenericNotifyValueClear), (82 bytes).
    Removing tasks.o(.ARM.exidx.text.ulTaskGenericNotifyValueClear), (8 bytes).
    Removing tasks.o(.ARM.exidx.text.prvInitialiseTaskLists), (8 bytes).
    Removing tasks.o(.ARM.exidx.text.prvCheckTasksWaitingTermination), (8 bytes).
    Removing timers.o(.text), (0 bytes).
    Removing timers.o(.ARM.exidx.text.xTimerCreateTimerTask), (8 bytes).
    Removing timers.o(.ARM.exidx.text.prvCheckForValidListAndQueue), (8 bytes).
    Removing timers.o(.ARM.exidx.text.prvTimerTask), (8 bytes).
    Removing timers.o(.text.xTimerCreate), (74 bytes).
    Removing timers.o(.ARM.exidx.text.xTimerCreate), (8 bytes).
    Removing timers.o(.text.prvInitialiseNewTimer), (110 bytes).
    Removing timers.o(.ARM.exidx.text.prvInitialiseNewTimer), (8 bytes).
    Removing timers.o(.text.xTimerGenericCommand), (176 bytes).
    Removing timers.o(.ARM.exidx.text.xTimerGenericCommand), (8 bytes).
    Removing timers.o(.text.xTimerGetTimerDaemonTaskHandle), (52 bytes).
    Removing timers.o(.ARM.exidx.text.xTimerGetTimerDaemonTaskHandle), (8 bytes).
    Removing timers.o(.text.xTimerGetPeriod), (44 bytes).
    Removing timers.o(.ARM.exidx.text.xTimerGetPeriod), (8 bytes).
    Removing timers.o(.text.vTimerSetReloadMode), (90 bytes).
    Removing timers.o(.ARM.exidx.text.vTimerSetReloadMode), (8 bytes).
    Removing timers.o(.text.xTimerGetReloadMode), (78 bytes).
    Removing timers.o(.ARM.exidx.text.xTimerGetReloadMode), (8 bytes).
    Removing timers.o(.text.uxTimerGetReloadMode), (16 bytes).
    Removing timers.o(.ARM.exidx.text.uxTimerGetReloadMode), (8 bytes).
    Removing timers.o(.text.xTimerGetExpiryTime), (48 bytes).
    Removing timers.o(.ARM.exidx.text.xTimerGetExpiryTime), (8 bytes).
    Removing timers.o(.text.pcTimerGetName), (44 bytes).
    Removing timers.o(.ARM.exidx.text.pcTimerGetName), (8 bytes).
    Removing timers.o(.text.xTimerIsTimerActive), (76 bytes).
    Removing timers.o(.ARM.exidx.text.xTimerIsTimerActive), (8 bytes).
    Removing timers.o(.text.pvTimerGetTimerID), (58 bytes).
    Removing timers.o(.ARM.exidx.text.pvTimerGetTimerID), (8 bytes).
    Removing timers.o(.text.vTimerSetTimerID), (58 bytes).
    Removing timers.o(.ARM.exidx.text.vTimerSetTimerID), (8 bytes).
    Removing timers.o(.ARM.exidx.text.prvGetNextExpireTime), (8 bytes).
    Removing timers.o(.ARM.exidx.text.prvProcessTimerOrBlockTask), (8 bytes).
    Removing timers.o(.ARM.exidx.text.prvProcessReceivedCommands), (8 bytes).
    Removing timers.o(.ARM.exidx.text.prvSampleTimeNow), (8 bytes).
    Removing timers.o(.ARM.exidx.text.prvProcessExpiredTimer), (8 bytes).
    Removing timers.o(.ARM.exidx.text.prvSwitchTimerLists), (8 bytes).
    Removing timers.o(.ARM.exidx.text.prvReloadTimer), (8 bytes).
    Removing timers.o(.ARM.exidx.text.prvInsertTimerInActiveList), (8 bytes).
    Removing gpio.o(i.GPIOADCTriggerDisable), (14 bytes).
    Removing gpio.o(i.GPIOADCTriggerEnable), (12 bytes).
    Removing gpio.o(i.GPIODMATriggerDisable), (14 bytes).
    Removing gpio.o(i.GPIODMATriggerEnable), (12 bytes).
    Removing gpio.o(i.GPIODirModeGet), (34 bytes).
    Removing gpio.o(i.GPIOIntDisable), (14 bytes).
    Removing gpio.o(i.GPIOIntRegisterPin), (30 bytes).
    Removing gpio.o(i.GPIOIntStatus), (14 bytes).
    Removing gpio.o(i.GPIOIntTypeGet), (70 bytes).
    Removing gpio.o(i.GPIOIntUnregister), (22 bytes).
    Removing gpio.o(i.GPIOIntUnregisterPin), (26 bytes).
    Removing gpio.o(i.GPIOPadConfigGet), (248 bytes).
    Removing gpio.o(i.GPIOPinConfigure), (68 bytes).
    Removing gpio.o(i.GPIOPinTypeADC), (28 bytes).
    Removing gpio.o(i.GPIOPinTypeCAN), (28 bytes).
    Removing gpio.o(i.GPIOPinTypeComparator), (28 bytes).
    Removing gpio.o(i.GPIOPinTypeComparatorOutput), (28 bytes).
    Removing gpio.o(i.GPIOPinTypeDIVSCLK), (28 bytes).
    Removing gpio.o(i.GPIOPinTypeEPI), (28 bytes).
    Removing gpio.o(i.GPIOPinTypeEthernetLED), (28 bytes).
    Removing gpio.o(i.GPIOPinTypeEthernetMII), (28 bytes).
    Removing gpio.o(i.GPIOPinTypeGPIOOutputOD), (28 bytes).
    Removing gpio.o(i.GPIOPinTypeHibernateRTCCLK), (28 bytes).
    Removing gpio.o(i.GPIOPinTypeI2C), (28 bytes).
    Removing gpio.o(i.GPIOPinTypeI2CSCL), (28 bytes).
    Removing gpio.o(i.GPIOPinTypeLCD), (28 bytes).
    Removing gpio.o(i.GPIOPinTypeOneWire), (28 bytes).
    Removing gpio.o(i.GPIOPinTypePWM), (28 bytes).
    Removing gpio.o(i.GPIOPinTypeQEI), (28 bytes).
    Removing gpio.o(i.GPIOPinTypeSSI), (28 bytes).
    Removing gpio.o(i.GPIOPinTypeTimer), (28 bytes).
    Removing gpio.o(i.GPIOPinTypeTrace), (28 bytes).
    Removing gpio.o(i.GPIOPinTypeUART), (28 bytes).
    Removing gpio.o(i.GPIOPinTypeUSBAnalog), (28 bytes).
    Removing gpio.o(i.GPIOPinTypeUSBDigital), (28 bytes).
    Removing gpio.o(i.GPIOPinTypeWakeHigh), (30 bytes).
    Removing gpio.o(i.GPIOPinTypeWakeLow), (30 bytes).
    Removing gpio.o(i.GPIOPinWakeStatus), (6 bytes).
    Removing interrupt.o(i.IntDisable), (100 bytes).
    Removing interrupt.o(i.IntIsEnabled), (96 bytes).
    Removing interrupt.o(i.IntMasterDisable), (14 bytes).
    Removing interrupt.o(i.IntMasterEnable), (14 bytes).
    Removing interrupt.o(i.IntPendClear), (68 bytes).
    Removing interrupt.o(i.IntPendSet), (84 bytes).
    Removing interrupt.o(i.IntPriorityGet), (28 bytes).
    Removing interrupt.o(i.IntPriorityGroupingGet), (36 bytes).
    Removing interrupt.o(i.IntPriorityGroupingSet), (28 bytes).
    Removing interrupt.o(i.IntPriorityMaskGet), (4 bytes).
    Removing interrupt.o(i.IntPriorityMaskSet), (4 bytes).
    Removing interrupt.o(i.IntTrigger), (12 bytes).
    Removing interrupt.o(i.IntUnregister), (20 bytes).
    Removing interrupt.o(i._IntDefaultHandler), (2 bytes).
    Removing sysctl.o(.emb_text), (6 bytes).
    Removing sysctl.o(i.SysCtlAltClkConfig), (12 bytes).
    Removing sysctl.o(i.SysCtlClockFreqSet), (740 bytes).
    Removing sysctl.o(i.SysCtlClockGet), (340 bytes).
    Removing sysctl.o(i.SysCtlClockOutConfig), (20 bytes).
    Removing sysctl.o(i.SysCtlClockSet), (288 bytes).
    Removing sysctl.o(i.SysCtlDeepSleep), (32 bytes).
    Removing sysctl.o(i.SysCtlDeepSleepClockConfigSet), (112 bytes).
    Removing sysctl.o(i.SysCtlDeepSleepClockSet), (12 bytes).
    Removing sysctl.o(i.SysCtlDeepSleepPowerSet), (12 bytes).
    Removing sysctl.o(i.SysCtlFlashSectorSizeGet), (56 bytes).
    Removing sysctl.o(i.SysCtlFlashSizeGet), (56 bytes).
    Removing sysctl.o(i.SysCtlGPIOAHBDisable), (28 bytes).
    Removing sysctl.o(i.SysCtlGPIOAHBEnable), (24 bytes).
    Removing sysctl.o(i.SysCtlIntClear), (12 bytes).
    Removing sysctl.o(i.SysCtlIntDisable), (16 bytes).
    Removing sysctl.o(i.SysCtlIntEnable), (16 bytes).
    Removing sysctl.o(i.SysCtlIntRegister), (20 bytes).
    Removing sysctl.o(i.SysCtlIntStatus), (16 bytes).
    Removing sysctl.o(i.SysCtlIntUnregister), (18 bytes).
    Removing sysctl.o(i.SysCtlLDODeepSleepGet), (12 bytes).
    Removing sysctl.o(i.SysCtlLDODeepSleepSet), (12 bytes).
    Removing sysctl.o(i.SysCtlLDOSleepGet), (12 bytes).
    Removing sysctl.o(i.SysCtlLDOSleepSet), (12 bytes).
    Removing sysctl.o(i.SysCtlMOSCConfigSet), (12 bytes).
    Removing sysctl.o(i.SysCtlNMIClear), (16 bytes).
    Removing sysctl.o(i.SysCtlNMIStatus), (12 bytes).
    Removing sysctl.o(i.SysCtlPIOSCCalibrate), (76 bytes).
    Removing sysctl.o(i.SysCtlPWMClockGet), (24 bytes).
    Removing sysctl.o(i.SysCtlPWMClockSet), (20 bytes).
    Removing sysctl.o(i.SysCtlPeripheralClockGating), (68 bytes).
    Removing sysctl.o(i.SysCtlPeripheralDeepSleepDisable), (40 bytes).
    Removing sysctl.o(i.SysCtlPeripheralDeepSleepEnable), (40 bytes).
    Removing sysctl.o(i.SysCtlPeripheralDisable), (40 bytes).
    Removing sysctl.o(i.SysCtlPeripheralPowerOff), (40 bytes).
    Removing sysctl.o(i.SysCtlPeripheralPowerOn), (40 bytes).
    Removing sysctl.o(i.SysCtlPeripheralPresent), (44 bytes).
    Removing sysctl.o(i.SysCtlPeripheralReset), (60 bytes).
    Removing sysctl.o(i.SysCtlPeripheralSleepDisable), (40 bytes).
    Removing sysctl.o(i.SysCtlPeripheralSleepEnable), (40 bytes).
    Removing sysctl.o(i.SysCtlReset), (16 bytes).
    Removing sysctl.o(i.SysCtlResetBehaviorGet), (12 bytes).
    Removing sysctl.o(i.SysCtlResetBehaviorSet), (12 bytes).
    Removing sysctl.o(i.SysCtlResetCauseClear), (16 bytes).
    Removing sysctl.o(i.SysCtlResetCauseGet), (12 bytes).
    Removing sysctl.o(i.SysCtlSRAMSizeGet), (16 bytes).
    Removing sysctl.o(i.SysCtlSleep), (4 bytes).
    Removing sysctl.o(i.SysCtlSleepPowerSet), (12 bytes).
    Removing sysctl.o(i.SysCtlUSBPLLDisable), (16 bytes).
    Removing sysctl.o(i.SysCtlUSBPLLEnable), (16 bytes).
    Removing sysctl.o(i.SysCtlVCOGet), (120 bytes).
    Removing sysctl.o(i.SysCtlVoltageEventClear), (16 bytes).
    Removing sysctl.o(i.SysCtlVoltageEventConfig), (12 bytes).
    Removing sysctl.o(i.SysCtlVoltageEventStatus), (12 bytes).
    Removing sysctl.o(.constdata), (596 bytes).
    Removing cpu.o(.emb_text), (38 bytes).

336 unused section(s) (total 16372 bytes) removed from the image.

==============================================================================

Image Symbol Table

    Local Symbols

    Symbol Name                              Value     Ov Type        Size  Object(Section)

    ../clib/../cmprslib/zerorunl.c           0x00000000   Number         0  __dczerorl.o ABSOLUTE
    ../clib/microlib/init/entry.s            0x00000000   Number         0  entry.o ABSOLUTE
    ../clib/microlib/init/entry.s            0x00000000   Number         0  entry2.o ABSOLUTE
    ../clib/microlib/init/entry.s            0x00000000   Number         0  entry5.o ABSOLUTE
    ../clib/microlib/init/entry.s            0x00000000   Number         0  entry7a.o ABSOLUTE
    ../clib/microlib/init/entry.s            0x00000000   Number         0  entry7b.o ABSOLUTE
    ../clib/microlib/init/entry.s            0x00000000   Number         0  entry8a.o ABSOLUTE
    ../clib/microlib/init/entry.s            0x00000000   Number         0  entry8b.o ABSOLUTE
    ../clib/microlib/init/entry.s            0x00000000   Number         0  entry9a.o ABSOLUTE
    ../clib/microlib/init/entry.s            0x00000000   Number         0  entry9b.o ABSOLUTE
    ../clib/microlib/init/entry.s            0x00000000   Number         0  entry10a.o ABSOLUTE
    ../clib/microlib/init/entry.s            0x00000000   Number         0  entry10b.o ABSOLUTE
    ../clib/microlib/init/entry.s            0x00000000   Number         0  entry11a.o ABSOLUTE
    ../clib/microlib/init/entry.s            0x00000000   Number         0  entry11b.o ABSOLUTE
    ../clib/microlib/string/memcpy.c         0x00000000   Number         0  memcpya.o ABSOLUTE
    ../clib/microlib/string/memcpy.c         0x00000000   Number         0  memcpyb.o ABSOLUTE
    ../clib/microlib/string/memset.c         0x00000000   Number         0  memseta.o ABSOLUTE
    RTE/Device/TM4C123GH6PM/startup_TM4C123.s 0x00000000   Number         0  startup_tm4c123.o ABSOLUTE
    Window.c                                 0x00000000   Number         0  window.o ABSOLUTE
    cpu.c                                    0x00000000   Number         0  cpu.o ABSOLUTE
    cpu.c                                    0x00000000   Number         0  cpu.o ABSOLUTE
    dc.s                                     0x00000000   Number         0  dc.o ABSOLUTE
    freertos_evr.c                           0x00000000   Number         0  freertos_evr.o ABSOLUTE
    gpio.c                                   0x00000000   Number         0  gpio.o ABSOLUTE
    handlers.s                               0x00000000   Number         0  handlers.o ABSOLUTE
    heap_1.c                                 0x00000000   Number         0  heap_1.o ABSOLUTE
    init.s                                   0x00000000   Number         0  init.o ABSOLUTE
    interrupt.c                              0x00000000   Number         0  interrupt.o ABSOLUTE
    list.c                                   0x00000000   Number         0  list.o ABSOLUTE
    main.c                                   0x00000000   Number         0  main.o ABSOLUTE
    port.c                                   0x00000000   Number         0  port.o ABSOLUTE
    queue.c                                  0x00000000   Number         0  queue.o ABSOLUTE
    sysctl.c                                 0x00000000   Number         0  sysctl.o ABSOLUTE
    sysctl.c                                 0x00000000   Number         0  sysctl.o ABSOLUTE
    system_TM4C123.c                         0x00000000   Number         0  system_tm4c123.o ABSOLUTE
    tasks.c                                  0x00000000   Number         0  tasks.o ABSOLUTE
    timers.c                                 0x00000000   Number         0  timers.o ABSOLUTE
    RESET                                    0x00000000   Section      620  startup_tm4c123.o(RESET)
    .ARM.Collect$$$$00000000                 0x0000026c   Section        0  entry.o(.ARM.Collect$$$$00000000)
    .ARM.Collect$$$$00000001                 0x0000026c   Section        4  entry2.o(.ARM.Collect$$$$00000001)
    .ARM.Collect$$$$00000004                 0x00000270   Section        4  entry5.o(.ARM.Collect$$$$00000004)
    .ARM.Collect$$$$00000008                 0x00000274   Section        0  entry7b.o(.ARM.Collect$$$$00000008)
    .ARM.Collect$$$$0000000A                 0x00000274   Section        0  entry8b.o(.ARM.Collect$$$$0000000A)
    .ARM.Collect$$$$0000000B                 0x00000274   Section        8  entry9a.o(.ARM.Collect$$$$0000000B)
    __lit__00000000                          0x0000027c   Data           4  entry2.o(.ARM.Collect$$$$00002712)
    .ARM.Collect$$$$0000000D                 0x0000027c   Section        0  entry10a.o(.ARM.Collect$$$$0000000D)
    .ARM.Collect$$$$0000000F                 0x0000027c   Section        0  entry11a.o(.ARM.Collect$$$$0000000F)
    .ARM.Collect$$$$00002712                 0x0000027c   Section        4  entry2.o(.ARM.Collect$$$$00002712)
    $v0                                      0x00000280   Number         0  startup_tm4c123.o(.text)
    .text                                    0x00000280   Section      252  startup_tm4c123.o(.text)
    .text                                    0x0000037c   Section        0  memcpya.o(.text)
    .text                                    0x000003a0   Section        0  memseta.o(.text)
    .text                                    0x000003c4   Section       36  init.o(.text)
    .text                                    0x000003e8   Section        0  __dczerorl.o(.text)
    Control_ISR                              0x00000425   Thumb Code   204  window.o(.text.Control_ISR)
    [Anonymous Symbol]                       0x00000424   Section        0  window.o(.text.Control_ISR)
    [Anonymous Symbol]                       0x000004f0   Section        0  window.o(.text.Driver_Check_Down)
    [Anonymous Symbol]                       0x00000660   Section        0  window.o(.text.Driver_Check_Up)
    Driver_ISR                               0x000007c9   Thumb Code   178  window.o(.text.Driver_ISR)
    [Anonymous Symbol]                       0x000007c8   Section        0  window.o(.text.Driver_ISR)
    Limit_ISR                                0x0000087d   Thumb Code    86  window.o(.text.Limit_ISR)
    [Anonymous Symbol]                       0x0000087c   Section        0  window.o(.text.Limit_ISR)
    [Anonymous Symbol]                       0x000008d4   Section        0  window.o(.text.Limit_Task)
    [Anonymous Symbol]                       0x00000924   Section        0  window.o(.text.Lock_Window)
    [Anonymous Symbol]                       0x000009b8   Section        0  window.o(.text.Motor_Move)
    [Anonymous Symbol]                       0x00000c40   Section        0  window.o(.text.Obstacle_detect)
    [Anonymous Symbol]                       0x00000d04   Section        0  window.o(.text.Passenger_Check_Down)
    [Anonymous Symbol]                       0x00000e6c   Section        0  window.o(.text.Passenger_Check_Up)
    Passenger_ISR                            0x00000fd1   Thumb Code   160  window.o(.text.Passenger_ISR)
    [Anonymous Symbol]                       0x00000fd0   Section        0  window.o(.text.Passenger_ISR)
    [Anonymous Symbol]                       0x00001070   Section        0  port.o(.text.PendSV_Handler)
    pxCurrentTCBConst                        0x000010d0   Number         0  port.o(.text.PendSV_Handler)
    [Anonymous Symbol]                       0x000010e0   Section        0  port.o(.text.SVC_Handler)
    pxCurrentTCBConst2                       0x00001100   Number         0  port.o(.text.SVC_Handler)
    [Anonymous Symbol]                       0x00001104   Section        0  port.o(.text.SysTick_Handler)
    [Anonymous Symbol]                       0x00001140   Section        0  system_tm4c123.o(.text.SystemInit)
    [Anonymous Symbol]                       0x0000124c   Section        0  window.o(.text.init)
    [Anonymous Symbol]                       0x00001464   Section        0  main.o(.text.main)
    prvAddCurrentTaskToDelayedList           0x00001709   Thumb Code   282  tasks.o(.text.prvAddCurrentTaskToDelayedList)
    [Anonymous Symbol]                       0x00001708   Section        0  tasks.o(.text.prvAddCurrentTaskToDelayedList)
    prvAddNewTaskToReadyList                 0x00001825   Thumb Code   334  tasks.o(.text.prvAddNewTaskToReadyList)
    [Anonymous Symbol]                       0x00001824   Section        0  tasks.o(.text.prvAddNewTaskToReadyList)
    prvCheckForValidListAndQueue             0x00001975   Thumb Code   106  timers.o(.text.prvCheckForValidListAndQueue)
    [Anonymous Symbol]                       0x00001974   Section        0  timers.o(.text.prvCheckForValidListAndQueue)
    prvCheckTasksWaitingTermination          0x000019e1   Thumb Code    90  tasks.o(.text.prvCheckTasksWaitingTermination)
    [Anonymous Symbol]                       0x000019e0   Section        0  tasks.o(.text.prvCheckTasksWaitingTermination)
    prvCopyDataFromQueue                     0x00001a3d   Thumb Code    66  queue.o(.text.prvCopyDataFromQueue)
    [Anonymous Symbol]                       0x00001a3c   Section        0  queue.o(.text.prvCopyDataFromQueue)
    prvCopyDataToQueue                       0x00001a81   Thumb Code   204  queue.o(.text.prvCopyDataToQueue)
    [Anonymous Symbol]                       0x00001a80   Section        0  queue.o(.text.prvCopyDataToQueue)
    prvDeleteTCB                             0x00001b4d   Thumb Code    24  tasks.o(.text.prvDeleteTCB)
    [Anonymous Symbol]                       0x00001b4c   Section        0  tasks.o(.text.prvDeleteTCB)
    prvGetDisinheritPriorityAfterTimeout     0x00001b65   Thumb Code    38  queue.o(.text.prvGetDisinheritPriorityAfterTimeout)
    [Anonymous Symbol]                       0x00001b64   Section        0  queue.o(.text.prvGetDisinheritPriorityAfterTimeout)
    prvGetNextExpireTime                     0x00001b8d   Thumb Code    64  timers.o(.text.prvGetNextExpireTime)
    [Anonymous Symbol]                       0x00001b8c   Section        0  timers.o(.text.prvGetNextExpireTime)
    prvIdleTask                              0x00001bcd   Thumb Code    60  tasks.o(.text.prvIdleTask)
    [Anonymous Symbol]                       0x00001bcc   Section        0  tasks.o(.text.prvIdleTask)
    prvInitialiseMutex                       0x00001c09   Thumb Code    44  queue.o(.text.prvInitialiseMutex)
    [Anonymous Symbol]                       0x00001c08   Section        0  queue.o(.text.prvInitialiseMutex)
    prvInitialiseNewQueue                    0x00001c35   Thumb Code    68  queue.o(.text.prvInitialiseNewQueue)
    [Anonymous Symbol]                       0x00001c34   Section        0  queue.o(.text.prvInitialiseNewQueue)
    prvInitialiseNewTask                     0x00001c79   Thumb Code   278  tasks.o(.text.prvInitialiseNewTask)
    [Anonymous Symbol]                       0x00001c78   Section        0  tasks.o(.text.prvInitialiseNewTask)
    prvInitialiseTaskLists                   0x00001d91   Thumb Code   142  tasks.o(.text.prvInitialiseTaskLists)
    [Anonymous Symbol]                       0x00001d90   Section        0  tasks.o(.text.prvInitialiseTaskLists)
    prvInsertTimerInActiveList               0x00001e21   Thumb Code   134  timers.o(.text.prvInsertTimerInActiveList)
    [Anonymous Symbol]                       0x00001e20   Section        0  timers.o(.text.prvInsertTimerInActiveList)
    prvIsQueueEmpty                          0x00001ea9   Thumb Code    40  queue.o(.text.prvIsQueueEmpty)
    [Anonymous Symbol]                       0x00001ea8   Section        0  queue.o(.text.prvIsQueueEmpty)
    prvIsQueueFull                           0x00001ed1   Thumb Code    46  queue.o(.text.prvIsQueueFull)
    [Anonymous Symbol]                       0x00001ed0   Section        0  queue.o(.text.prvIsQueueFull)
    prvNotifyQueueSetContainer               0x00001f01   Thumb Code   236  queue.o(.text.prvNotifyQueueSetContainer)
    [Anonymous Symbol]                       0x00001f00   Section        0  queue.o(.text.prvNotifyQueueSetContainer)
    prvPortStartFirstTask                    0x00001fed   Thumb Code    40  port.o(.text.prvPortStartFirstTask)
    [Anonymous Symbol]                       0x00001fec   Section        0  port.o(.text.prvPortStartFirstTask)
    prvProcessExpiredTimer                   0x00002015   Thumb Code    84  timers.o(.text.prvProcessExpiredTimer)
    [Anonymous Symbol]                       0x00002014   Section        0  timers.o(.text.prvProcessExpiredTimer)
    prvProcessReceivedCommands               0x00002069   Thumb Code   326  timers.o(.text.prvProcessReceivedCommands)
    [Anonymous Symbol]                       0x00002068   Section        0  timers.o(.text.prvProcessReceivedCommands)
    prvProcessTimerOrBlockTask               0x000021b1   Thumb Code   154  timers.o(.text.prvProcessTimerOrBlockTask)
    [Anonymous Symbol]                       0x000021b0   Section        0  timers.o(.text.prvProcessTimerOrBlockTask)
    prvReloadTimer                           0x0000224d   Thumb Code    52  timers.o(.text.prvReloadTimer)
    [Anonymous Symbol]                       0x0000224c   Section        0  timers.o(.text.prvReloadTimer)
    prvResetNextTaskUnblockTime              0x00002281   Thumb Code    60  tasks.o(.text.prvResetNextTaskUnblockTime)
    [Anonymous Symbol]                       0x00002280   Section        0  tasks.o(.text.prvResetNextTaskUnblockTime)
    prvSampleTimeNow                         0x000022bd   Thumb Code    68  timers.o(.text.prvSampleTimeNow)
    [Anonymous Symbol]                       0x000022bc   Section        0  timers.o(.text.prvSampleTimeNow)
    prvSwitchTimerLists                      0x00002301   Thumb Code    82  timers.o(.text.prvSwitchTimerLists)
    [Anonymous Symbol]                       0x00002300   Section        0  timers.o(.text.prvSwitchTimerLists)
    prvTaskExitError                         0x00002355   Thumb Code    76  port.o(.text.prvTaskExitError)
    [Anonymous Symbol]                       0x00002354   Section        0  port.o(.text.prvTaskExitError)
    prvTimerTask                             0x000023a1   Thumb Code    30  timers.o(.text.prvTimerTask)
    [Anonymous Symbol]                       0x000023a0   Section        0  timers.o(.text.prvTimerTask)
    prvUnlockQueue                           0x000023c1   Thumb Code   204  queue.o(.text.prvUnlockQueue)
    [Anonymous Symbol]                       0x000023c0   Section        0  queue.o(.text.prvUnlockQueue)
    [Anonymous Symbol]                       0x0000248c   Section        0  heap_1.o(.text.pvPortMalloc)
    [Anonymous Symbol]                       0x0000254c   Section        0  tasks.o(.text.pvTaskIncrementMutexHeldCount)
    [Anonymous Symbol]                       0x00002578   Section        0  port.o(.text.pxPortInitialiseStack)
    [Anonymous Symbol]                       0x000025d8   Section        0  list.o(.text.uxListRemove)
    [Anonymous Symbol]                       0x00002620   Section        0  tasks.o(.text.uxTaskGetNumberOfTasks)
    [Anonymous Symbol]                       0x0000262c   Section        0  window.o(.text.vApplicationIdleHook)
    [Anonymous Symbol]                       0x00002630   Section        0  list.o(.text.vListInitialise)
    [Anonymous Symbol]                       0x00002660   Section        0  list.o(.text.vListInitialiseItem)
    [Anonymous Symbol]                       0x00002670   Section        0  list.o(.text.vListInsert)
    vPortEnableVFP                           0x000026dd   Thumb Code    20  port.o(.text.vPortEnableVFP)
    [Anonymous Symbol]                       0x000026dc   Section        0  port.o(.text.vPortEnableVFP)
    [Anonymous Symbol]                       0x000026f0   Section        0  port.o(.text.vPortEnterCritical)
    [Anonymous Symbol]                       0x00002748   Section        0  port.o(.text.vPortExitCritical)
    [Anonymous Symbol]                       0x00002794   Section        0  heap_1.o(.text.vPortFree)
    [Anonymous Symbol]                       0x000027b8   Section        0  port.o(.text.vPortSetupTimerInterrupt)
    [Anonymous Symbol]                       0x000027fc   Section        0  port.o(.text.vPortValidateInterruptPriority)
    [Anonymous Symbol]                       0x00002880   Section        0  queue.o(.text.vQueueWaitForMessageRestricted)
    [Anonymous Symbol]                       0x000028e4   Section        0  tasks.o(.text.vTaskDelay)
    [Anonymous Symbol]                       0x00002954   Section        0  tasks.o(.text.vTaskInternalSetTimeOutState)
    [Anonymous Symbol]                       0x00002978   Section        0  tasks.o(.text.vTaskMissedYield)
    [Anonymous Symbol]                       0x00002988   Section        0  tasks.o(.text.vTaskPlaceOnEventList)
    [Anonymous Symbol]                       0x000029cc   Section        0  tasks.o(.text.vTaskPlaceOnEventListRestricted)
    [Anonymous Symbol]                       0x00002a48   Section        0  tasks.o(.text.vTaskPriorityDisinheritAfterTimeout)
    [Anonymous Symbol]                       0x00002bcc   Section        0  tasks.o(.text.vTaskStartScheduler)
    [Anonymous Symbol]                       0x00002c80   Section        0  tasks.o(.text.vTaskSuspendAll)
    __tagsym$$used.0                         0x00002c90   Number         0  tasks.o(.text.vTaskSwitchContext)
    [Anonymous Symbol]                       0x00002c90   Section        0  tasks.o(.text.vTaskSwitchContext)
    [Anonymous Symbol]                       0x00002d50   Section        0  port.o(.text.xPortStartScheduler)
    [Anonymous Symbol]                       0x00002ecc   Section        0  queue.o(.text.xQueueCreateMutex)
    [Anonymous Symbol]                       0x00002ef4   Section        0  queue.o(.text.xQueueGenericCreate)
    [Anonymous Symbol]                       0x00002f90   Section        0  queue.o(.text.xQueueGenericReset)
    [Anonymous Symbol]                       0x00003098   Section        0  queue.o(.text.xQueueGenericSend)
    [Anonymous Symbol]                       0x0000330c   Section        0  queue.o(.text.xQueueGiveFromISR)
    [Anonymous Symbol]                       0x00003490   Section        0  queue.o(.text.xQueueReceive)
    [Anonymous Symbol]                       0x0000366c   Section        0  queue.o(.text.xQueueSemaphoreTake)
    [Anonymous Symbol]                       0x0000387c   Section        0  tasks.o(.text.xTaskCheckForTimeOut)
    [Anonymous Symbol]                       0x00003950   Section        0  tasks.o(.text.xTaskCreate)
    [Anonymous Symbol]                       0x000039f0   Section        0  tasks.o(.text.xTaskGetSchedulerState)
    [Anonymous Symbol]                       0x00003a28   Section        0  tasks.o(.text.xTaskGetTickCount)
    [Anonymous Symbol]                       0x00003a3c   Section        0  tasks.o(.text.xTaskIncrementTick)
    [Anonymous Symbol]                       0x00003c9c   Section        0  tasks.o(.text.xTaskPriorityDisinherit)
    [Anonymous Symbol]                       0x00003dd4   Section        0  tasks.o(.text.xTaskPriorityInherit)
    [Anonymous Symbol]                       0x00003f30   Section        0  tasks.o(.text.xTaskRemoveFromEventList)
    [Anonymous Symbol]                       0x000040bc   Section        0  tasks.o(.text.xTaskResumeAll)
    [Anonymous Symbol]                       0x000042e0   Section        0  timers.o(.text.xTimerCreateTimerTask)
    i.GPIODirModeSet                         0x0000434c   Section        0  gpio.o(i.GPIODirModeSet)
    i.GPIOIntClear                           0x00004374   Section        0  gpio.o(i.GPIOIntClear)
    i.GPIOIntEnable                          0x0000437a   Section        0  gpio.o(i.GPIOIntEnable)
    i.GPIOIntRegister                        0x00004386   Section        0  gpio.o(i.GPIOIntRegister)
    i.GPIOIntTypeSet                         0x000043a0   Section        0  gpio.o(i.GPIOIntTypeSet)
    i.GPIOPadConfigSet                       0x000043f0   Section        0  gpio.o(i.GPIOPadConfigSet)
    i.GPIOPinRead                            0x00004560   Section        0  gpio.o(i.GPIOPinRead)
    i.GPIOPinTypeGPIOInput                   0x00004566   Section        0  gpio.o(i.GPIOPinTypeGPIOInput)
    i.GPIOPinTypeGPIOOutput                  0x00004582   Section        0  gpio.o(i.GPIOPinTypeGPIOOutput)
    i.GPIOPinWrite                           0x0000459e   Section        0  gpio.o(i.GPIOPinWrite)
    i.GPIOUnlockPin                          0x000045a4   Section        0  gpio.o(i.GPIOUnlockPin)
    i.IntEnable                              0x000045bc   Section        0  interrupt.o(i.IntEnable)
    i.IntPrioritySet                         0x00004620   Section        0  interrupt.o(i.IntPrioritySet)
    i.IntRegister                            0x00004648   Section        0  interrupt.o(i.IntRegister)
    i.SysCtlPeripheralEnable                 0x0000467c   Section        0  sysctl.o(i.SysCtlPeripheralEnable)
    i.SysCtlPeripheralReady                  0x000046a4   Section        0  sysctl.o(i.SysCtlPeripheralReady)
    _GPIOIntNumberGet                        0x000046d1   Thumb Code    62  gpio.o(i._GPIOIntNumberGet)
    i._GPIOIntNumberGet                      0x000046d0   Section        0  gpio.o(i._GPIOIntNumberGet)
    i.__scatterload_copy                     0x00004720   Section       14  handlers.o(i.__scatterload_copy)
    i.__scatterload_null                     0x0000472e   Section        2  handlers.o(i.__scatterload_null)
    i.__scatterload_zeroinit                 0x00004730   Section       14  handlers.o(i.__scatterload_zeroinit)
    g_ppui32GPIOIntMapBlizzard               0x00004740   Data         192  gpio.o(.constdata)
    .constdata                               0x00004740   Section      552  gpio.o(.constdata)
    g_ppui32GPIOIntMapSnowflake              0x00004800   Data         216  gpio.o(.constdata)
    g_pui32GPIOBaseAddrs                     0x000048d8   Data         144  gpio.o(.constdata)
    g_pui32Priority                          0x00004968   Data          32  interrupt.o(.constdata)
    .constdata                               0x00004968   Section      268  interrupt.o(.constdata)
    g_pui32Regs                              0x00004988   Data         156  interrupt.o(.constdata)
    g_pui32EnRegs                            0x00004a24   Data          20  interrupt.o(.constdata)
    g_pui32Dii16Regs                         0x00004a38   Data          20  interrupt.o(.constdata)
    g_pui32PendRegs                          0x00004a4c   Data          20  interrupt.o(.constdata)
    g_pui32UnpendRegs                        0x00004a60   Data          20  interrupt.o(.constdata)
    .L.str.3                                 0x00004a74   Data           8  main.o(.rodata.str1.1)
    [Anonymous Symbol]                       0x00004a74   Section        0  main.o(.rodata.str1.1)
    .L.str.5                                 0x00004a7c   Data           6  main.o(.rodata.str1.1)
    .L.str.4                                 0x00004a82   Data           8  main.o(.rodata.str1.1)
    .L.str.6                                 0x00004a8a   Data           6  main.o(.rodata.str1.1)
    .L.str.7                                 0x00004a90   Data          10  main.o(.rodata.str1.1)
    .L.str                                   0x00004a9a   Data           5  main.o(.rodata.str1.1)
    .L.str.2                                 0x00004a9f   Data          10  main.o(.rodata.str1.1)
    .L.str.1                                 0x00004aa9   Data           4  main.o(.rodata.str1.1)
    .L.str                                   0x00004aad   Data           5  tasks.o(.rodata.str1.1)
    [Anonymous Symbol]                       0x00004aad   Section        0  tasks.o(.rodata.str1.1)
    .L.str                                   0x00004ab2   Data           8  timers.o(.rodata.str1.1)
    [Anonymous Symbol]                       0x00004ab2   Section        0  timers.o(.rodata.str1.1)
    uxCriticalNesting                        0x20000004   Data           4  port.o(.data.uxCriticalNesting)
    [Anonymous Symbol]                       0x20000004   Section        0  port.o(.data.uxCriticalNesting)
    g_pfnRAMVectors                          0x20000400   Data         620  interrupt.o(vtable)
    vtable                                   0x20000400   Section      620  interrupt.o(vtable)
    prvSampleTimeNow.xLastTime               0x20000698   Data           4  timers.o(.bss.prvSampleTimeNow.xLastTime)
    [Anonymous Symbol]                       0x20000698   Section        0  timers.o(.bss.prvSampleTimeNow.xLastTime)
    pvPortMalloc.pucAlignedHeap              0x2000069c   Data           4  heap_1.o(.bss.pvPortMalloc.pucAlignedHeap)
    [Anonymous Symbol]                       0x2000069c   Section        0  heap_1.o(.bss.pvPortMalloc.pucAlignedHeap)
    __tagsym$$used.1                         0x200006a0   Number         0  tasks.o(.bss.pxCurrentTCB)
    pxCurrentTimerList                       0x200006a4   Data           4  timers.o(.bss.pxCurrentTimerList)
    [Anonymous Symbol]                       0x200006a4   Section        0  timers.o(.bss.pxCurrentTimerList)
    pxDelayedTaskList                        0x200006a8   Data           4  tasks.o(.bss.pxDelayedTaskList)
    [Anonymous Symbol]                       0x200006a8   Section        0  tasks.o(.bss.pxDelayedTaskList)
    pxOverflowDelayedTaskList                0x200006ac   Data           4  tasks.o(.bss.pxOverflowDelayedTaskList)
    [Anonymous Symbol]                       0x200006ac   Section        0  tasks.o(.bss.pxOverflowDelayedTaskList)
    pxOverflowTimerList                      0x200006b0   Data           4  timers.o(.bss.pxOverflowTimerList)
    [Anonymous Symbol]                       0x200006b0   Section        0  timers.o(.bss.pxOverflowTimerList)
    pxReadyTasksLists                        0x200006b4   Data         100  tasks.o(.bss.pxReadyTasksLists)
    [Anonymous Symbol]                       0x200006b4   Section        0  tasks.o(.bss.pxReadyTasksLists)
    ucHeap                                   0x20000718   Data       16384  heap_1.o(.bss.ucHeap)
    [Anonymous Symbol]                       0x20000718   Section        0  heap_1.o(.bss.ucHeap)
    ucMaxSysCallPriority                     0x20004718   Data           1  port.o(.bss.ucMaxSysCallPriority)
    [Anonymous Symbol]                       0x20004718   Section        0  port.o(.bss.ucMaxSysCallPriority)
    ulMaxPRIGROUPValue                       0x2000471c   Data           4  port.o(.bss.ulMaxPRIGROUPValue)
    [Anonymous Symbol]                       0x2000471c   Section        0  port.o(.bss.ulMaxPRIGROUPValue)
    uxCurrentNumberOfTasks                   0x20004720   Data           4  tasks.o(.bss.uxCurrentNumberOfTasks)
    [Anonymous Symbol]                       0x20004720   Section        0  tasks.o(.bss.uxCurrentNumberOfTasks)
    uxDeletedTasksWaitingCleanUp             0x20004724   Data           4  tasks.o(.bss.uxDeletedTasksWaitingCleanUp)
    [Anonymous Symbol]                       0x20004724   Section        0  tasks.o(.bss.uxDeletedTasksWaitingCleanUp)
    uxSchedulerSuspended                     0x20004728   Data           4  tasks.o(.bss.uxSchedulerSuspended)
    [Anonymous Symbol]                       0x20004728   Section        0  tasks.o(.bss.uxSchedulerSuspended)
    uxTaskNumber                             0x2000472c   Data           4  tasks.o(.bss.uxTaskNumber)
    [Anonymous Symbol]                       0x2000472c   Section        0  tasks.o(.bss.uxTaskNumber)
    uxTopReadyPriority                       0x20004730   Data           4  tasks.o(.bss.uxTopReadyPriority)
    [Anonymous Symbol]                       0x20004730   Section        0  tasks.o(.bss.uxTopReadyPriority)
    xActiveTimerList1                        0x20004734   Data          20  timers.o(.bss.xActiveTimerList1)
    [Anonymous Symbol]                       0x20004734   Section        0  timers.o(.bss.xActiveTimerList1)
    xActiveTimerList2                        0x20004748   Data          20  timers.o(.bss.xActiveTimerList2)
    [Anonymous Symbol]                       0x20004748   Section        0  timers.o(.bss.xActiveTimerList2)
    xDelayedTaskList1                        0x2000475c   Data          20  tasks.o(.bss.xDelayedTaskList1)
    [Anonymous Symbol]                       0x2000475c   Section        0  tasks.o(.bss.xDelayedTaskList1)
    xDelayedTaskList2                        0x20004770   Data          20  tasks.o(.bss.xDelayedTaskList2)
    [Anonymous Symbol]                       0x20004770   Section        0  tasks.o(.bss.xDelayedTaskList2)
    xIdleTaskHandle                          0x20004784   Data           4  tasks.o(.bss.xIdleTaskHandle)
    [Anonymous Symbol]                       0x20004784   Section        0  tasks.o(.bss.xIdleTaskHandle)
    xNextFreeByte                            0x20004788   Data           4  heap_1.o(.bss.xNextFreeByte)
    [Anonymous Symbol]                       0x20004788   Section        0  heap_1.o(.bss.xNextFreeByte)
    xNextTaskUnblockTime                     0x2000478c   Data           4  tasks.o(.bss.xNextTaskUnblockTime)
    [Anonymous Symbol]                       0x2000478c   Section        0  tasks.o(.bss.xNextTaskUnblockTime)
    xNumOfOverflows                          0x20004790   Data           4  tasks.o(.bss.xNumOfOverflows)
    [Anonymous Symbol]                       0x20004790   Section        0  tasks.o(.bss.xNumOfOverflows)
    xPendedTicks                             0x20004794   Data           4  tasks.o(.bss.xPendedTicks)
    [Anonymous Symbol]                       0x20004794   Section        0  tasks.o(.bss.xPendedTicks)
    xPendingReadyList                        0x20004798   Data          20  tasks.o(.bss.xPendingReadyList)
    [Anonymous Symbol]                       0x20004798   Section        0  tasks.o(.bss.xPendingReadyList)
    xSchedulerRunning                        0x200047ac   Data           4  tasks.o(.bss.xSchedulerRunning)
    [Anonymous Symbol]                       0x200047ac   Section        0  tasks.o(.bss.xSchedulerRunning)
    xSuspendedTaskList                       0x200047b0   Data          20  tasks.o(.bss.xSuspendedTaskList)
    [Anonymous Symbol]                       0x200047b0   Section        0  tasks.o(.bss.xSuspendedTaskList)
    xTasksWaitingTermination                 0x200047c4   Data          20  tasks.o(.bss.xTasksWaitingTermination)
    [Anonymous Symbol]                       0x200047c4   Section        0  tasks.o(.bss.xTasksWaitingTermination)
    xTickCount                               0x200047d8   Data           4  tasks.o(.bss.xTickCount)
    [Anonymous Symbol]                       0x200047d8   Section        0  tasks.o(.bss.xTickCount)
    xTimerQueue                              0x200047dc   Data           4  timers.o(.bss.xTimerQueue)
    [Anonymous Symbol]                       0x200047dc   Section        0  timers.o(.bss.xTimerQueue)
    xTimerTaskHandle                         0x200047e0   Data           4  timers.o(.bss.xTimerTaskHandle)
    [Anonymous Symbol]                       0x200047e0   Section        0  timers.o(.bss.xTimerTaskHandle)
    xYieldPending                            0x200047e4   Data           4  tasks.o(.bss.xYieldPending)
    [Anonymous Symbol]                       0x200047e4   Section        0  tasks.o(.bss.xYieldPending)
    STACK                                    0x200047e8   Section      512  startup_tm4c123.o(STACK)

    Global Symbols

    Symbol Name                              Value     Ov Type        Size  Object(Section)

    BuildAttributes$$THM_ISAv4$E$P$D$K$B$S$7EM$VFPi3$EXTD16$VFPS$VFMA$PE$A:L22UL41UL21$X:L11$S22US41US21$IEEE1$IW$~IW$USESV6$~STKCKD$USESV7$~SHL$OTIME$EBA8$MICROLIB$REQ8$PRES8$EABIv2 0x00000000   Number         0  anon$$obj.o ABSOLUTE
    __Vectors                                0x00000000   Data           4  startup_tm4c123.o(RESET)
    __cpp_initialize__aeabi_                  - Undefined Weak Reference
    __cxa_finalize                            - Undefined Weak Reference
    _clock_init                               - Undefined Weak Reference
    _microlib_exit                            - Undefined Weak Reference
    __Vectors_End                            0x0000026c   Data           0  startup_tm4c123.o(RESET)
    __Vectors_Size                           0x0000026c   Number         0  startup_tm4c123.o ABSOLUTE
    __main                                   0x0000026d   Thumb Code     0  entry.o(.ARM.Collect$$$$00000000)
    _main_stk                                0x0000026d   Thumb Code     0  entry2.o(.ARM.Collect$$$$00000001)
    _main_scatterload                        0x00000271   Thumb Code     0  entry5.o(.ARM.Collect$$$$00000004)
    __main_after_scatterload                 0x00000275   Thumb Code     0  entry5.o(.ARM.Collect$$$$00000004)
    _main_clock                              0x00000275   Thumb Code     0  entry7b.o(.ARM.Collect$$$$00000008)
    _main_cpp_init                           0x00000275   Thumb Code     0  entry8b.o(.ARM.Collect$$$$0000000A)
    _main_init                               0x00000275   Thumb Code     0  entry9a.o(.ARM.Collect$$$$0000000B)
    __rt_final_cpp                           0x0000027d   Thumb Code     0  entry10a.o(.ARM.Collect$$$$0000000D)
    __rt_final_exit                          0x0000027d   Thumb Code     0  entry11a.o(.ARM.Collect$$$$0000000F)
    Reset_Handler                            0x00000281   Thumb Code     8  startup_tm4c123.o(.text)
    NMI_Handler                              0x00000289   Thumb Code     2  startup_tm4c123.o(.text)
    HardFault_Handler                        0x0000028b   Thumb Code     2  startup_tm4c123.o(.text)
    MemManage_Handler                        0x0000028d   Thumb Code     2  startup_tm4c123.o(.text)
    BusFault_Handler                         0x0000028f   Thumb Code     2  startup_tm4c123.o(.text)
    UsageFault_Handler                       0x00000291   Thumb Code     2  startup_tm4c123.o(.text)
    DebugMon_Handler                         0x00000295   Thumb Code     2  startup_tm4c123.o(.text)
    GPIOA_Handler                            0x0000029b   Thumb Code     2  startup_tm4c123.o(.text)
    GPIOB_Handler                            0x0000029d   Thumb Code     2  startup_tm4c123.o(.text)
    GPIOC_Handler                            0x0000029f   Thumb Code     2  startup_tm4c123.o(.text)
    GPIOD_Handler                            0x000002a1   Thumb Code     2  startup_tm4c123.o(.text)
    GPIOE_Handler                            0x000002a3   Thumb Code     2  startup_tm4c123.o(.text)
    UART0_Handler                            0x000002a5   Thumb Code     2  startup_tm4c123.o(.text)
    UART1_Handler                            0x000002a7   Thumb Code     2  startup_tm4c123.o(.text)
    SSI0_Handler                             0x000002a9   Thumb Code     2  startup_tm4c123.o(.text)
    I2C0_Handler                             0x000002ab   Thumb Code     2  startup_tm4c123.o(.text)
    PMW0_FAULT_Handler                       0x000002ad   Thumb Code     2  startup_tm4c123.o(.text)
    PWM0_0_Handler                           0x000002af   Thumb Code     2  startup_tm4c123.o(.text)
    PWM0_1_Handler                           0x000002b1   Thumb Code     2  startup_tm4c123.o(.text)
    PWM0_2_Handler                           0x000002b3   Thumb Code     2  startup_tm4c123.o(.text)
    QEI0_Handler                             0x000002b5   Thumb Code     2  startup_tm4c123.o(.text)
    ADC0SS0_Handler                          0x000002b7   Thumb Code     2  startup_tm4c123.o(.text)
    ADC0SS1_Handler                          0x000002b9   Thumb Code     2  startup_tm4c123.o(.text)
    ADC0SS2_Handler                          0x000002bb   Thumb Code     2  startup_tm4c123.o(.text)
    ADC0SS3_Handler                          0x000002bd   Thumb Code     2  startup_tm4c123.o(.text)
    WDT0_Handler                             0x000002bf   Thumb Code     2  startup_tm4c123.o(.text)
    TIMER0A_Handler                          0x000002c1   Thumb Code     2  startup_tm4c123.o(.text)
    TIMER0B_Handler                          0x000002c3   Thumb Code     2  startup_tm4c123.o(.text)
    TIMER1A_Handler                          0x000002c5   Thumb Code     2  startup_tm4c123.o(.text)
    TIMER1B_Handler                          0x000002c7   Thumb Code     2  startup_tm4c123.o(.text)
    TIMER2A_Handler                          0x000002c9   Thumb Code     2  startup_tm4c123.o(.text)
    TIMER2B_Handler                          0x000002cb   Thumb Code     2  startup_tm4c123.o(.text)
    COMP0_Handler                            0x000002cd   Thumb Code     2  startup_tm4c123.o(.text)
    COMP1_Handler                            0x000002cf   Thumb Code     2  startup_tm4c123.o(.text)
    COMP2_Handler                            0x000002d1   Thumb Code     2  startup_tm4c123.o(.text)
    SYSCTL_Handler                           0x000002d3   Thumb Code     2  startup_tm4c123.o(.text)
    FLASH_Handler                            0x000002d5   Thumb Code     2  startup_tm4c123.o(.text)
    GPIOF_Handler                            0x000002d7   Thumb Code     2  startup_tm4c123.o(.text)
    GPIOG_Handler                            0x000002d9   Thumb Code     2  startup_tm4c123.o(.text)
    GPIOH_Handler                            0x000002db   Thumb Code     2  startup_tm4c123.o(.text)
    UART2_Handler                            0x000002dd   Thumb Code     2  startup_tm4c123.o(.text)
    SSI1_Handler                             0x000002df   Thumb Code     2  startup_tm4c123.o(.text)
    TIMER3A_Handler                          0x000002e1   Thumb Code     2  startup_tm4c123.o(.text)
    TIMER3B_Handler                          0x000002e3   Thumb Code     2  startup_tm4c123.o(.text)
    I2C1_Handler                             0x000002e5   Thumb Code     2  startup_tm4c123.o(.text)
    QEI1_Handler                             0x000002e7   Thumb Code     2  startup_tm4c123.o(.text)
    CAN0_Handler                             0x000002e9   Thumb Code     2  startup_tm4c123.o(.text)
    CAN1_Handler                             0x000002eb   Thumb Code     2  startup_tm4c123.o(.text)
    CAN2_Handler                             0x000002ed   Thumb Code     2  startup_tm4c123.o(.text)
    HIB_Handler                              0x000002ef   Thumb Code     2  startup_tm4c123.o(.text)
    USB0_Handler                             0x000002f1   Thumb Code     2  startup_tm4c123.o(.text)
    PWM0_3_Handler                           0x000002f3   Thumb Code     2  startup_tm4c123.o(.text)
    UDMA_Handler                             0x000002f5   Thumb Code     2  startup_tm4c123.o(.text)
    UDMAERR_Handler                          0x000002f7   Thumb Code     2  startup_tm4c123.o(.text)
    ADC1SS0_Handler                          0x000002f9   Thumb Code     2  startup_tm4c123.o(.text)
    ADC1SS1_Handler                          0x000002fb   Thumb Code     2  startup_tm4c123.o(.text)
    ADC1SS2_Handler                          0x000002fd   Thumb Code     2  startup_tm4c123.o(.text)
    ADC1SS3_Handler                          0x000002ff   Thumb Code     2  startup_tm4c123.o(.text)
    GPIOJ_Handler                            0x00000301   Thumb Code     2  startup_tm4c123.o(.text)
    GPIOK_Handler                            0x00000303   Thumb Code     2  startup_tm4c123.o(.text)
    GPIOL_Handler                            0x00000305   Thumb Code     2  startup_tm4c123.o(.text)
    SSI2_Handler                             0x00000307   Thumb Code     2  startup_tm4c123.o(.text)
    SSI3_Handler                             0x00000309   Thumb Code     2  startup_tm4c123.o(.text)
    UART3_Handler                            0x0000030b   Thumb Code     2  startup_tm4c123.o(.text)
    UART4_Handler                            0x0000030d   Thumb Code     2  startup_tm4c123.o(.text)
    UART5_Handler                            0x0000030f   Thumb Code     2  startup_tm4c123.o(.text)
    UART6_Handler                            0x00000311   Thumb Code     2  startup_tm4c123.o(.text)
    UART7_Handler                            0x00000313   Thumb Code     2  startup_tm4c123.o(.text)
    I2C2_Handler                             0x00000315   Thumb Code     2  startup_tm4c123.o(.text)
    I2C3_Handler                             0x00000317   Thumb Code     2  startup_tm4c123.o(.text)
    TIMER4A_Handler                          0x00000319   Thumb Code     2  startup_tm4c123.o(.text)
    TIMER4B_Handler                          0x0000031b   Thumb Code     2  startup_tm4c123.o(.text)
    TIMER5A_Handler                          0x0000031d   Thumb Code     2  startup_tm4c123.o(.text)
    TIMER5B_Handler                          0x0000031f   Thumb Code     2  startup_tm4c123.o(.text)
    WTIMER0A_Handler                         0x00000321   Thumb Code     2  startup_tm4c123.o(.text)
    WTIMER0B_Handler                         0x00000323   Thumb Code     2  startup_tm4c123.o(.text)
    WTIMER1A_Handler                         0x00000325   Thumb Code     2  startup_tm4c123.o(.text)
    WTIMER1B_Handler                         0x00000327   Thumb Code     2  startup_tm4c123.o(.text)
    WTIMER2A_Handler                         0x00000329   Thumb Code     2  startup_tm4c123.o(.text)
    WTIMER2B_Handler                         0x0000032b   Thumb Code     2  startup_tm4c123.o(.text)
    WTIMER3A_Handler                         0x0000032d   Thumb Code     2  startup_tm4c123.o(.text)
    WTIMER3B_Handler                         0x0000032f   Thumb Code     2  startup_tm4c123.o(.text)
    WTIMER4A_Handler                         0x00000331   Thumb Code     2  startup_tm4c123.o(.text)
    WTIMER4B_Handler                         0x00000333   Thumb Code     2  startup_tm4c123.o(.text)
    WTIMER5A_Handler                         0x00000335   Thumb Code     2  startup_tm4c123.o(.text)
    WTIMER5B_Handler                         0x00000337   Thumb Code     2  startup_tm4c123.o(.text)
    FPU_Handler                              0x00000339   Thumb Code     2  startup_tm4c123.o(.text)
    I2C4_Handler                             0x0000033b   Thumb Code     2  startup_tm4c123.o(.text)
    I2C5_Handler                             0x0000033d   Thumb Code     2  startup_tm4c123.o(.text)
    GPIOM_Handler                            0x0000033f   Thumb Code     2  startup_tm4c123.o(.text)
    GPION_Handler                            0x00000341   Thumb Code     2  startup_tm4c123.o(.text)
    QEI2_Handler                             0x00000343   Thumb Code     2  startup_tm4c123.o(.text)
    GPIOP0_Handler                           0x00000345   Thumb Code     2  startup_tm4c123.o(.text)
    GPIOP1_Handler                           0x00000347   Thumb Code     2  startup_tm4c123.o(.text)
    GPIOP2_Handler                           0x00000349   Thumb Code     2  startup_tm4c123.o(.text)
    GPIOP3_Handler                           0x0000034b   Thumb Code     2  startup_tm4c123.o(.text)
    GPIOP4_Handler                           0x0000034d   Thumb Code     2  startup_tm4c123.o(.text)
    GPIOP5_Handler                           0x0000034f   Thumb Code     2  startup_tm4c123.o(.text)
    GPIOP6_Handler                           0x00000351   Thumb Code     2  startup_tm4c123.o(.text)
    GPIOP7_Handler                           0x00000353   Thumb Code     2  startup_tm4c123.o(.text)
    GPIOQ0_Handler                           0x00000355   Thumb Code     2  startup_tm4c123.o(.text)
    GPIOQ1_Handler                           0x00000357   Thumb Code     2  startup_tm4c123.o(.text)
    GPIOQ2_Handler                           0x00000359   Thumb Code     2  startup_tm4c123.o(.text)
    GPIOQ3_Handler                           0x0000035b   Thumb Code     2  startup_tm4c123.o(.text)
    GPIOQ4_Handler                           0x0000035d   Thumb Code     2  startup_tm4c123.o(.text)
    GPIOQ5_Handler                           0x0000035f   Thumb Code     2  startup_tm4c123.o(.text)
    GPIOQ6_Handler                           0x00000361   Thumb Code     2  startup_tm4c123.o(.text)
    GPIOQ7_Handler                           0x00000363   Thumb Code     2  startup_tm4c123.o(.text)
    GPIOR_Handler                            0x00000365   Thumb Code     2  startup_tm4c123.o(.text)
    GPIOS_Handler                            0x00000367   Thumb Code     2  startup_tm4c123.o(.text)
    PMW1_0_Handler                           0x00000369   Thumb Code     2  startup_tm4c123.o(.text)
    PWM1_1_Handler                           0x0000036b   Thumb Code     2  startup_tm4c123.o(.text)
    PWM1_2_Handler                           0x0000036d   Thumb Code     2  startup_tm4c123.o(.text)
    PWM1_3_Handler                           0x0000036f   Thumb Code     2  startup_tm4c123.o(.text)
    PWM1_FAULT_Handler                       0x00000371   Thumb Code     2  startup_tm4c123.o(.text)
    __aeabi_memcpy                           0x0000037d   Thumb Code    36  memcpya.o(.text)
    __aeabi_memcpy4                          0x0000037d   Thumb Code     0  memcpya.o(.text)
    __aeabi_memcpy8                          0x0000037d   Thumb Code     0  memcpya.o(.text)
    __aeabi_memset                           0x000003a1   Thumb Code    14  memseta.o(.text)
    __aeabi_memset4                          0x000003a1   Thumb Code     0  memseta.o(.text)
    __aeabi_memset8                          0x000003a1   Thumb Code     0  memseta.o(.text)
    __aeabi_memclr                           0x000003af   Thumb Code     4  memseta.o(.text)
    __aeabi_memclr4                          0x000003af   Thumb Code     0  memseta.o(.text)
    __aeabi_memclr8                          0x000003af   Thumb Code     0  memseta.o(.text)
    _memset$wrapper                          0x000003b3   Thumb Code    18  memseta.o(.text)
    __scatterload                            0x000003c5   Thumb Code    28  init.o(.text)
    __scatterload_rt2                        0x000003c5   Thumb Code     0  init.o(.text)
    __decompress                             0x000003e9   Thumb Code     0  __dczerorl.o(.text)
    __decompress0                            0x000003e9   Thumb Code    58  __dczerorl.o(.text)
    Driver_Check_Down                        0x000004f1   Thumb Code   368  window.o(.text.Driver_Check_Down)
    Driver_Check_Up                          0x00000661   Thumb Code   360  window.o(.text.Driver_Check_Up)
    Limit_Task                               0x000008d5   Thumb Code    80  window.o(.text.Limit_Task)
    Lock_Window                              0x00000925   Thumb Code   148  window.o(.text.Lock_Window)
    Motor_Move                               0x000009b9   Thumb Code   648  window.o(.text.Motor_Move)
    Obstacle_detect                          0x00000c41   Thumb Code   196  window.o(.text.Obstacle_detect)
    Passenger_Check_Down                     0x00000d05   Thumb Code   360  window.o(.text.Passenger_Check_Down)
    Passenger_Check_Up                       0x00000e6d   Thumb Code   354  window.o(.text.Passenger_Check_Up)
    PendSV_Handler                           0x00001071   Thumb Code   100  port.o(.text.PendSV_Handler)
    SVC_Handler                              0x000010e1   Thumb Code    36  port.o(.text.SVC_Handler)
    SysTick_Handler                          0x00001105   Thumb Code    60  port.o(.text.SysTick_Handler)
    SystemInit                               0x00001141   Thumb Code   268  system_tm4c123.o(.text.SystemInit)
    init                                     0x0000124d   Thumb Code   534  window.o(.text.init)
    main                                     0x00001465   Thumb Code   674  main.o(.text.main)
    pvPortMalloc                             0x0000248d   Thumb Code   192  heap_1.o(.text.pvPortMalloc)
    pvTaskIncrementMutexHeldCount            0x0000254d   Thumb Code    44  tasks.o(.text.pvTaskIncrementMutexHeldCount)
    pxPortInitialiseStack                    0x00002579   Thumb Code    94  port.o(.text.pxPortInitialiseStack)
    uxListRemove                             0x000025d9   Thumb Code    72  list.o(.text.uxListRemove)
    uxTaskGetNumberOfTasks                   0x00002621   Thumb Code    12  tasks.o(.text.uxTaskGetNumberOfTasks)
    vApplicationIdleHook                     0x0000262d   Thumb Code     4  window.o(.text.vApplicationIdleHook)
    vListInitialise                          0x00002631   Thumb Code    46  list.o(.text.vListInitialise)
    vListInitialiseItem                      0x00002661   Thumb Code    14  list.o(.text.vListInitialiseItem)
    vListInsert                              0x00002671   Thumb Code   106  list.o(.text.vListInsert)
    vPortEnterCritical                       0x000026f1   Thumb Code    86  port.o(.text.vPortEnterCritical)
    vPortExitCritical                        0x00002749   Thumb Code    74  port.o(.text.vPortExitCritical)
    vPortFree                                0x00002795   Thumb Code    36  heap_1.o(.text.vPortFree)
    vPortSetupTimerInterrupt                 0x000027b9   Thumb Code    68  port.o(.text.vPortSetupTimerInterrupt)
    vPortValidateInterruptPriority           0x000027fd   Thumb Code   132  port.o(.text.vPortValidateInterruptPriority)
    vQueueWaitForMessageRestricted           0x00002881   Thumb Code   100  queue.o(.text.vQueueWaitForMessageRestricted)
    vTaskDelay                               0x000028e5   Thumb Code   110  tasks.o(.text.vTaskDelay)
    vTaskInternalSetTimeOutState             0x00002955   Thumb Code    36  tasks.o(.text.vTaskInternalSetTimeOutState)
    vTaskMissedYield                         0x00002979   Thumb Code    14  tasks.o(.text.vTaskMissedYield)
    vTaskPlaceOnEventList                    0x00002989   Thumb Code    66  tasks.o(.text.vTaskPlaceOnEventList)
    vTaskPlaceOnEventListRestricted          0x000029cd   Thumb Code   124  tasks.o(.text.vTaskPlaceOnEventListRestricted)
    vTaskPriorityDisinheritAfterTimeout      0x00002a49   Thumb Code   386  tasks.o(.text.vTaskPriorityDisinheritAfterTimeout)
    vTaskStartScheduler                      0x00002bcd   Thumb Code   178  tasks.o(.text.vTaskStartScheduler)
    vTaskSuspendAll                          0x00002c81   Thumb Code    16  tasks.o(.text.vTaskSuspendAll)
    vTaskSwitchContext                       0x00002c91   Thumb Code   190  tasks.o(.text.vTaskSwitchContext)
    xPortStartScheduler                      0x00002d51   Thumb Code   380  port.o(.text.xPortStartScheduler)
    xQueueCreateMutex                        0x00002ecd   Thumb Code    38  queue.o(.text.xQueueCreateMutex)
    xQueueGenericCreate                      0x00002ef5   Thumb Code   154  queue.o(.text.xQueueGenericCreate)
    xQueueGenericReset                       0x00002f91   Thumb Code   264  queue.o(.text.xQueueGenericReset)
    xQueueGenericSend                        0x00003099   Thumb Code   628  queue.o(.text.xQueueGenericSend)
    xQueueGiveFromISR                        0x0000330d   Thumb Code   386  queue.o(.text.xQueueGiveFromISR)
    xQueueReceive                            0x00003491   Thumb Code   476  queue.o(.text.xQueueReceive)
    xQueueSemaphoreTake                      0x0000366d   Thumb Code   528  queue.o(.text.xQueueSemaphoreTake)
    xTaskCheckForTimeOut                     0x0000387d   Thumb Code   210  tasks.o(.text.xTaskCheckForTimeOut)
    xTaskCreate                              0x00003951   Thumb Code   160  tasks.o(.text.xTaskCreate)
    xTaskGetSchedulerState                   0x000039f1   Thumb Code    56  tasks.o(.text.xTaskGetSchedulerState)
    xTaskGetTickCount                        0x00003a29   Thumb Code    20  tasks.o(.text.xTaskGetTickCount)
    xTaskIncrementTick                       0x00003a3d   Thumb Code   608  tasks.o(.text.xTaskIncrementTick)
    xTaskPriorityDisinherit                  0x00003c9d   Thumb Code   312  tasks.o(.text.xTaskPriorityDisinherit)
    xTaskPriorityInherit                     0x00003dd5   Thumb Code   348  tasks.o(.text.xTaskPriorityInherit)
    xTaskRemoveFromEventList                 0x00003f31   Thumb Code   396  tasks.o(.text.xTaskRemoveFromEventList)
    xTaskResumeAll                           0x000040bd   Thumb Code   546  tasks.o(.text.xTaskResumeAll)
    xTimerCreateTimerTask                    0x000042e1   Thumb Code   108  timers.o(.text.xTimerCreateTimerTask)
    GPIODirModeSet                           0x0000434d   Thumb Code    40  gpio.o(i.GPIODirModeSet)
    GPIOIntClear                             0x00004375   Thumb Code     6  gpio.o(i.GPIOIntClear)
    GPIOIntEnable                            0x0000437b   Thumb Code    12  gpio.o(i.GPIOIntEnable)
    GPIOIntRegister                          0x00004387   Thumb Code    26  gpio.o(i.GPIOIntRegister)
    GPIOIntTypeSet                           0x000043a1   Thumb Code    80  gpio.o(i.GPIOIntTypeSet)
    GPIOPadConfigSet                         0x000043f1   Thumb Code   354  gpio.o(i.GPIOPadConfigSet)
    GPIOPinRead                              0x00004561   Thumb Code     6  gpio.o(i.GPIOPinRead)
    GPIOPinTypeGPIOInput                     0x00004567   Thumb Code    28  gpio.o(i.GPIOPinTypeGPIOInput)
    GPIOPinTypeGPIOOutput                    0x00004583   Thumb Code    28  gpio.o(i.GPIOPinTypeGPIOOutput)
    GPIOPinWrite                             0x0000459f   Thumb Code     6  gpio.o(i.GPIOPinWrite)
    GPIOUnlockPin                            0x000045a5   Thumb Code    18  gpio.o(i.GPIOUnlockPin)
    IntEnable                                0x000045bd   Thumb Code    92  interrupt.o(i.IntEnable)
    IntPrioritySet                           0x00004621   Thumb Code    36  interrupt.o(i.IntPrioritySet)
    IntRegister                              0x00004649   Thumb Code    44  interrupt.o(i.IntRegister)
    SysCtlPeripheralEnable                   0x0000467d   Thumb Code    36  sysctl.o(i.SysCtlPeripheralEnable)
    SysCtlPeripheralReady                    0x000046a5   Thumb Code    40  sysctl.o(i.SysCtlPeripheralReady)
    __scatterload_copy                       0x00004721   Thumb Code    14  handlers.o(i.__scatterload_copy)
    __scatterload_null                       0x0000472f   Thumb Code     2  handlers.o(i.__scatterload_null)
    __scatterload_zeroinit                   0x00004731   Thumb Code    14  handlers.o(i.__scatterload_zeroinit)
    uxTopUsedPriority                        0x00004abc   Data           4  tasks.o(.rodata.uxTopUsedPriority)
    Region$$Table$$Base                      0x00004ac0   Number         0  anon$$obj.o(Region$$Table)
    Region$$Table$$Limit                     0x00004ae0   Number         0  anon$$obj.o(Region$$Table)
    SystemCoreClock                          0x20000000   Data           4  system_tm4c123.o(.data.SystemCoreClock)
    Change_flag_down                         0x20000670   Data           1  window.o(.bss.Change_flag_down)
    Change_flag_up                           0x20000671   Data           1  window.o(.bss.Change_flag_up)
    Control_flag                             0x20000672   Data           1  window.o(.bss.Control_flag)
    Driver_down_sem                          0x20000674   Data           4  window.o(.bss.Driver_down_sem)
    Driver_up_sem                            0x20000678   Data           4  window.o(.bss.Driver_up_sem)
    Limit_sem                                0x2000067c   Data           4  window.o(.bss.Limit_sem)
    Lock_sem                                 0x20000680   Data           4  window.o(.bss.Lock_sem)
    Motor_Queue                              0x20000684   Data           4  window.o(.bss.Motor_Queue)
    Motor_mutex                              0x20000688   Data           4  window.o(.bss.Motor_mutex)
    Obstacle_sem                             0x2000068c   Data           4  window.o(.bss.Obstacle_sem)
    Passenger_down_sem                       0x20000690   Data           4  window.o(.bss.Passenger_down_sem)
    Passenger_up_sem                         0x20000694   Data           4  window.o(.bss.Passenger_up_sem)
    pxCurrentTCB                             0x200006a0   Data           4  tasks.o(.bss.pxCurrentTCB)
    __initial_sp                             0x200049e8   Data           0  startup_tm4c123.o(STACK)



==============================================================================

Memory Map of the image

  Image Entry point : 0x00000281

  Load Region LR_IROM1 (Base: 0x00000000, Size: 0x00005270, Max: 0x00040000, ABSOLUTE, COMPRESSED[0x00004c18])

    Execution Region ER_IROM1 (Exec base: 0x00000000, Load base: 0x00000000, Size: 0x00004ae0, Max: 0x00040000, ABSOLUTE)

    Exec Addr    Load Addr    Size         Type   Attr      Idx    E Section Name        Object

    0x00000000   0x00000000   0x0000026c   Data   RO           60    RESET               startup_tm4c123.o
    0x0000026c   0x0000026c   0x00000000   Code   RO         1243  * .ARM.Collect$$$$00000000  mc_w.l(entry.o)
    0x0000026c   0x0000026c   0x00000004   Code   RO         1252    .ARM.Collect$$$$00000001  mc_w.l(entry2.o)
    0x00000270   0x00000270   0x00000004   Code   RO         1255    .ARM.Collect$$$$00000004  mc_w.l(entry5.o)
    0x00000274   0x00000274   0x00000000   Code   RO         1257    .ARM.Collect$$$$00000008  mc_w.l(entry7b.o)
    0x00000274   0x00000274   0x00000000   Code   RO         1259    .ARM.Collect$$$$0000000A  mc_w.l(entry8b.o)
    0x00000274   0x00000274   0x00000008   Code   RO         1260    .ARM.Collect$$$$0000000B  mc_w.l(entry9a.o)
    0x0000027c   0x0000027c   0x00000000   Code   RO         1262    .ARM.Collect$$$$0000000D  mc_w.l(entry10a.o)
    0x0000027c   0x0000027c   0x00000000   Code   RO         1264    .ARM.Collect$$$$0000000F  mc_w.l(entry11a.o)
    0x0000027c   0x0000027c   0x00000004   Code   RO         1253    .ARM.Collect$$$$00002712  mc_w.l(entry2.o)
    0x00000280   0x00000280   0x000000fc   Code   RO           61  * .text               startup_tm4c123.o
    0x0000037c   0x0000037c   0x00000024   Code   RO         1246    .text               mc_w.l(memcpya.o)
    0x000003a0   0x000003a0   0x00000024   Code   RO         1248    .text               mc_w.l(memseta.o)
    0x000003c4   0x000003c4   0x00000024   Code   RO         1266    .text               mc_w.l(init.o)
    0x000003e8   0x000003e8   0x0000003a   Code   RO         1276    .text               mc_w.l(__dczerorl.o)
    0x00000422   0x00000422   0x00000002   PAD
    0x00000424   0x00000424   0x000000cc   Code   RO           30    .text.Control_ISR   window.o
    0x000004f0   0x000004f0   0x00000170   Code   RO           14    .text.Driver_Check_Down  window.o
    0x00000660   0x00000660   0x00000168   Code   RO           12    .text.Driver_Check_Up  window.o
    0x000007c8   0x000007c8   0x000000b2   Code   RO           34    .text.Driver_ISR    window.o
    0x0000087a   0x0000087a   0x00000002   PAD
    0x0000087c   0x0000087c   0x00000056   Code   RO           32    .text.Limit_ISR     window.o
    0x000008d2   0x000008d2   0x00000002   PAD
    0x000008d4   0x000008d4   0x00000050   Code   RO           26    .text.Limit_Task    window.o
    0x00000924   0x00000924   0x00000094   Code   RO           22    .text.Lock_Window   window.o
    0x000009b8   0x000009b8   0x00000288   Code   RO           20    .text.Motor_Move    window.o
    0x00000c40   0x00000c40   0x000000c4   Code   RO           24    .text.Obstacle_detect  window.o
    0x00000d04   0x00000d04   0x00000168   Code   RO           18    .text.Passenger_Check_Down  window.o
    0x00000e6c   0x00000e6c   0x00000162   Code   RO           16    .text.Passenger_Check_Up  window.o
    0x00000fce   0x00000fce   0x00000002   PAD
    0x00000fd0   0x00000fd0   0x000000a0   Code   RO           36    .text.Passenger_ISR  window.o
    0x00001070   0x00001070   0x00000064   Code   RO          120    .text.PendSV_Handler  port.o
    0x000010d4   0x000010d4   0x0000000c   PAD
    0x000010e0   0x000010e0   0x00000024   Code   RO          104    .text.SVC_Handler   port.o
    0x00001104   0x00001104   0x0000003c   Code   RO          122    .text.SysTick_Handler  port.o
    0x00001140   0x00001140   0x0000010c   Code   RO           72    .text.SystemInit    system_tm4c123.o
    0x0000124c   0x0000124c   0x00000216   Code   RO           28    .text.init          window.o
    0x00001462   0x00001462   0x00000002   PAD
    0x00001464   0x00001464   0x000002a2   Code   RO            2    .text.main          main.o
    0x00001706   0x00001706   0x00000002   PAD
    0x00001708   0x00001708   0x0000011a   Code   RO          247    .text.prvAddCurrentTaskToDelayedList  tasks.o
    0x00001822   0x00001822   0x00000002   PAD
    0x00001824   0x00001824   0x0000014e   Code   RO          235    .text.prvAddNewTaskToReadyList  tasks.o
    0x00001972   0x00001972   0x00000002   PAD
    0x00001974   0x00001974   0x0000006a   Code   RO          371    .text.prvCheckForValidListAndQueue  timers.o
    0x000019de   0x000019de   0x00000002   PAD
    0x000019e0   0x000019e0   0x0000005a   Code   RO          337    .text.prvCheckTasksWaitingTermination  tasks.o
    0x00001a3a   0x00001a3a   0x00000002   PAD
    0x00001a3c   0x00001a3c   0x00000042   Code   RO          188    .text.prvCopyDataFromQueue  queue.o
    0x00001a7e   0x00001a7e   0x00000002   PAD
    0x00001a80   0x00001a80   0x000000cc   Code   RO          174    .text.prvCopyDataToQueue  queue.o
    0x00001b4c   0x00001b4c   0x00000018   Code   RO          241    .text.prvDeleteTCB  tasks.o
    0x00001b64   0x00001b64   0x00000026   Code   RO          192    .text.prvGetDisinheritPriorityAfterTimeout  queue.o
    0x00001b8a   0x00001b8a   0x00000002   PAD
    0x00001b8c   0x00001b8c   0x00000040   Code   RO          401    .text.prvGetNextExpireTime  timers.o
    0x00001bcc   0x00001bcc   0x0000003c   Code   RO          273    .text.prvIdleTask   tasks.o
    0x00001c08   0x00001c08   0x0000002c   Code   RO          162    .text.prvInitialiseMutex  queue.o
    0x00001c34   0x00001c34   0x00000044   Code   RO          158    .text.prvInitialiseNewQueue  queue.o
    0x00001c78   0x00001c78   0x00000116   Code   RO          233    .text.prvInitialiseNewTask  tasks.o
    0x00001d8e   0x00001d8e   0x00000002   PAD
    0x00001d90   0x00001d90   0x0000008e   Code   RO          335    .text.prvInitialiseTaskLists  tasks.o
    0x00001e1e   0x00001e1e   0x00000002   PAD
    0x00001e20   0x00001e20   0x00000086   Code   RO          415    .text.prvInsertTimerInActiveList  timers.o
    0x00001ea6   0x00001ea6   0x00000002   PAD
    0x00001ea8   0x00001ea8   0x00000028   Code   RO          190    .text.prvIsQueueEmpty  queue.o
    0x00001ed0   0x00001ed0   0x0000002e   Code   RO          178    .text.prvIsQueueFull  queue.o
    0x00001efe   0x00001efe   0x00000002   PAD
    0x00001f00   0x00001f00   0x000000ec   Code   RO          176    .text.prvNotifyQueueSetContainer  queue.o
    0x00001fec   0x00001fec   0x00000028   Code   RO          112    .text.prvPortStartFirstTask  port.o
    0x00002014   0x00002014   0x00000054   Code   RO          409    .text.prvProcessExpiredTimer  timers.o
    0x00002068   0x00002068   0x00000146   Code   RO          405    .text.prvProcessReceivedCommands  timers.o
    0x000021ae   0x000021ae   0x00000002   PAD
    0x000021b0   0x000021b0   0x0000009a   Code   RO          403    .text.prvProcessTimerOrBlockTask  timers.o
    0x0000224a   0x0000224a   0x00000002   PAD
    0x0000224c   0x0000224c   0x00000034   Code   RO          413    .text.prvReloadTimer  timers.o
    0x00002280   0x00002280   0x0000003c   Code   RO          239    .text.prvResetNextTaskUnblockTime  tasks.o
    0x000022bc   0x000022bc   0x00000044   Code   RO          407    .text.prvSampleTimeNow  timers.o
    0x00002300   0x00002300   0x00000052   Code   RO          411    .text.prvSwitchTimerLists  timers.o
    0x00002352   0x00002352   0x00000002   PAD
    0x00002354   0x00002354   0x0000004c   Code   RO          102    .text.prvTaskExitError  port.o
    0x000023a0   0x000023a0   0x0000001e   Code   RO          373    .text.prvTimerTask  timers.o
    0x000023be   0x000023be   0x00000002   PAD
    0x000023c0   0x000023c0   0x000000cc   Code   RO          180    .text.prvUnlockQueue  queue.o
    0x0000248c   0x0000248c   0x000000c0   Code   RO          136    .text.pvPortMalloc  heap_1.o
    0x0000254c   0x0000254c   0x0000002c   Code   RO          319    .text.pvTaskIncrementMutexHeldCount  tasks.o
    0x00002578   0x00002578   0x0000005e   Code   RO          100    .text.pxPortInitialiseStack  port.o
    0x000025d6   0x000025d6   0x00000002   PAD
    0x000025d8   0x000025d8   0x00000048   Code   RO           91    .text.uxListRemove  list.o
    0x00002620   0x00002620   0x0000000c   Code   RO          283    .text.uxTaskGetNumberOfTasks  tasks.o
    0x0000262c   0x0000262c   0x00000004   Code   RO           38    .text.vApplicationIdleHook  window.o
    0x00002630   0x00002630   0x0000002e   Code   RO           83    .text.vListInitialise  list.o
    0x0000265e   0x0000265e   0x00000002   PAD
    0x00002660   0x00002660   0x0000000e   Code   RO           85    .text.vListInitialiseItem  list.o
    0x0000266e   0x0000266e   0x00000002   PAD
    0x00002670   0x00002670   0x0000006a   Code   RO           89    .text.vListInsert   list.o
    0x000026da   0x000026da   0x00000002   PAD
    0x000026dc   0x000026dc   0x00000014   Code   RO          110    .text.vPortEnableVFP  port.o
    0x000026f0   0x000026f0   0x00000056   Code   RO          116    .text.vPortEnterCritical  port.o
    0x00002746   0x00002746   0x00000002   PAD
    0x00002748   0x00002748   0x0000004a   Code   RO          118    .text.vPortExitCritical  port.o
    0x00002792   0x00002792   0x00000002   PAD
    0x00002794   0x00002794   0x00000024   Code   RO          138    .text.vPortFree     heap_1.o
    0x000027b8   0x000027b8   0x00000044   Code   RO          108    .text.vPortSetupTimerInterrupt  port.o
    0x000027fc   0x000027fc   0x00000084   Code   RO          124    .text.vPortValidateInterruptPriority  port.o
    0x00002880   0x00002880   0x00000064   Code   RO          212    .text.vQueueWaitForMessageRestricted  queue.o
    0x000028e4   0x000028e4   0x0000006e   Code   RO          251    .text.vTaskDelay    tasks.o
    0x00002952   0x00002952   0x00000002   PAD
    0x00002954   0x00002954   0x00000024   Code   RO          301    .text.vTaskInternalSetTimeOutState  tasks.o
    0x00002978   0x00002978   0x0000000e   Code   RO          305    .text.vTaskMissedYield  tasks.o
    0x00002986   0x00002986   0x00000002   PAD
    0x00002988   0x00002988   0x00000042   Code   RO          289    .text.vTaskPlaceOnEventList  tasks.o
    0x000029ca   0x000029ca   0x00000002   PAD
    0x000029cc   0x000029cc   0x0000007c   Code   RO          293    .text.vTaskPlaceOnEventListRestricted  tasks.o
    0x00002a48   0x00002a48   0x00000182   Code   RO          315    .text.vTaskPriorityDisinheritAfterTimeout  tasks.o
    0x00002bca   0x00002bca   0x00000002   PAD
    0x00002bcc   0x00002bcc   0x000000b2   Code   RO          271    .text.vTaskStartScheduler  tasks.o
    0x00002c7e   0x00002c7e   0x00000002   PAD
    0x00002c80   0x00002c80   0x00000010   Code   RO          245    .text.vTaskSuspendAll  tasks.o
    0x00002c90   0x00002c90   0x000000be   Code   RO          263    .text.vTaskSwitchContext  tasks.o
    0x00002d4e   0x00002d4e   0x00000002   PAD
    0x00002d50   0x00002d50   0x0000017c   Code   RO          106    .text.xPortStartScheduler  port.o
    0x00002ecc   0x00002ecc   0x00000026   Code   RO          160    .text.xQueueCreateMutex  queue.o
    0x00002ef2   0x00002ef2   0x00000002   PAD
    0x00002ef4   0x00002ef4   0x0000009a   Code   RO          156    .text.xQueueGenericCreate  queue.o
    0x00002f8e   0x00002f8e   0x00000002   PAD
    0x00002f90   0x00002f90   0x00000108   Code   RO          154    .text.xQueueGenericReset  queue.o
    0x00003098   0x00003098   0x00000274   Code   RO          166    .text.xQueueGenericSend  queue.o
    0x0000330c   0x0000330c   0x00000182   Code   RO          184    .text.xQueueGiveFromISR  queue.o
    0x0000348e   0x0000348e   0x00000002   PAD
    0x00003490   0x00003490   0x000001dc   Code   RO          186    .text.xQueueReceive  queue.o
    0x0000366c   0x0000366c   0x00000210   Code   RO          170    .text.xQueueSemaphoreTake  queue.o
    0x0000387c   0x0000387c   0x000000d2   Code   RO          303    .text.xTaskCheckForTimeOut  tasks.o
    0x0000394e   0x0000394e   0x00000002   PAD
    0x00003950   0x00003950   0x000000a0   Code   RO          231    .text.xTaskCreate   tasks.o
    0x000039f0   0x000039f0   0x00000038   Code   RO          309    .text.xTaskGetSchedulerState  tasks.o
    0x00003a28   0x00003a28   0x00000014   Code   RO          279    .text.xTaskGetTickCount  tasks.o
    0x00003a3c   0x00003a3c   0x00000260   Code   RO          277    .text.xTaskIncrementTick  tasks.o
    0x00003c9c   0x00003c9c   0x00000138   Code   RO          313    .text.xTaskPriorityDisinherit  tasks.o
    0x00003dd4   0x00003dd4   0x0000015c   Code   RO          311    .text.xTaskPriorityInherit  tasks.o
    0x00003f30   0x00003f30   0x0000018c   Code   RO          295    .text.xTaskRemoveFromEventList  tasks.o
    0x000040bc   0x000040bc   0x00000222   Code   RO          249    .text.xTaskResumeAll  tasks.o
    0x000042de   0x000042de   0x00000002   PAD
    0x000042e0   0x000042e0   0x0000006c   Code   RO          369    .text.xTimerCreateTimerTask  timers.o
    0x0000434c   0x0000434c   0x00000028   Code   RO          436    i.GPIODirModeSet    driverlib.lib(gpio.o)
    0x00004374   0x00004374   0x00000006   Code   RO          437    i.GPIOIntClear      driverlib.lib(gpio.o)
    0x0000437a   0x0000437a   0x0000000c   Code   RO          439    i.GPIOIntEnable     driverlib.lib(gpio.o)
    0x00004386   0x00004386   0x0000001a   Code   RO          440    i.GPIOIntRegister   driverlib.lib(gpio.o)
    0x000043a0   0x000043a0   0x00000050   Code   RO          444    i.GPIOIntTypeSet    driverlib.lib(gpio.o)
    0x000043f0   0x000043f0   0x00000170   Code   RO          448    i.GPIOPadConfigSet  driverlib.lib(gpio.o)
    0x00004560   0x00004560   0x00000006   Code   RO          450    i.GPIOPinRead       driverlib.lib(gpio.o)
    0x00004566   0x00004566   0x0000001c   Code   RO          459    i.GPIOPinTypeGPIOInput  driverlib.lib(gpio.o)
    0x00004582   0x00004582   0x0000001c   Code   RO          460    i.GPIOPinTypeGPIOOutput  driverlib.lib(gpio.o)
    0x0000459e   0x0000459e   0x00000006   Code   RO          478    i.GPIOPinWrite      driverlib.lib(gpio.o)
    0x000045a4   0x000045a4   0x00000018   Code   RO          479    i.GPIOUnlockPin     driverlib.lib(gpio.o)
    0x000045bc   0x000045bc   0x00000064   Code   RO          770    i.IntEnable         driverlib.lib(interrupt.o)
    0x00004620   0x00004620   0x00000028   Code   RO          781    i.IntPrioritySet    driverlib.lib(interrupt.o)
    0x00004648   0x00004648   0x00000034   Code   RO          782    i.IntRegister       driverlib.lib(interrupt.o)
    0x0000467c   0x0000467c   0x00000028   Code   RO          919    i.SysCtlPeripheralEnable  driverlib.lib(sysctl.o)
    0x000046a4   0x000046a4   0x0000002c   Code   RO          923    i.SysCtlPeripheralReady  driverlib.lib(sysctl.o)
    0x000046d0   0x000046d0   0x00000050   Code   RO          480    i._GPIOIntNumberGet  driverlib.lib(gpio.o)
    0x00004720   0x00004720   0x0000000e   Code   RO         1270    i.__scatterload_copy  mc_w.l(handlers.o)
    0x0000472e   0x0000472e   0x00000002   Code   RO         1271    i.__scatterload_null  mc_w.l(handlers.o)
    0x00004730   0x00004730   0x0000000e   Code   RO         1272    i.__scatterload_zeroinit  mc_w.l(handlers.o)
    0x0000473e   0x0000473e   0x00000002   PAD
    0x00004740   0x00004740   0x00000228   Data   RO          481    .constdata          driverlib.lib(gpio.o)
    0x00004968   0x00004968   0x0000010c   Data   RO          786    .constdata          driverlib.lib(interrupt.o)
    0x00004a74   0x00004a74   0x00000039   Data   RO            4    .rodata.str1.1      main.o
    0x00004aad   0x00004aad   0x00000005   Data   RO          355    .rodata.str1.1      tasks.o
    0x00004ab2   0x00004ab2   0x00000008   Data   RO          418    .rodata.str1.1      timers.o
    0x00004aba   0x00004aba   0x00000002   PAD
    0x00004abc   0x00004abc   0x00000004   Data   RO          340    .rodata.uxTopUsedPriority  tasks.o
    0x00004ac0   0x00004ac0   0x00000020   Data   RO         1269    Region$$Table       anon$$obj.o


    Execution Region RW_IRAM1 (Exec base: 0x20000000, Load base: 0x00004c00, Size: 0x000049e8, Max: 0x00008000, ABSOLUTE, COMPRESSED[0x00000018])

    Exec Addr    Load Addr    Size         Type   Attr      Idx    E Section Name        Object

    0x20000000   COMPRESSED   0x00000004   Data   RW           74    .data.SystemCoreClock  system_tm4c123.o
    0x20000004   COMPRESSED   0x00000004   Data   RW          128    .data.uxCriticalNesting  port.o
    0x20000008   COMPRESSED   0x000003f8   PAD
    0x20000400   COMPRESSED   0x0000026c   Data   RW          787    vtable              driverlib.lib(interrupt.o)
    0x2000066c   COMPRESSED   0x00000004   PAD
    0x20000670        -       0x00000001   Zero   RW           41    .bss.Change_flag_down  window.o
    0x20000671        -       0x00000001   Zero   RW           42    .bss.Change_flag_up  window.o
    0x20000672        -       0x00000001   Zero   RW           40    .bss.Control_flag   window.o
    0x20000673   COMPRESSED   0x00000001   PAD
    0x20000674        -       0x00000004   Zero   RW           46    .bss.Driver_down_sem  window.o
    0x20000678        -       0x00000004   Zero   RW           43    .bss.Driver_up_sem  window.o
    0x2000067c        -       0x00000004   Zero   RW           51    .bss.Limit_sem      window.o
    0x20000680        -       0x00000004   Zero   RW           49    .bss.Lock_sem       window.o
    0x20000684        -       0x00000004   Zero   RW           45    .bss.Motor_Queue    window.o
    0x20000688        -       0x00000004   Zero   RW           44    .bss.Motor_mutex    window.o
    0x2000068c        -       0x00000004   Zero   RW           50    .bss.Obstacle_sem   window.o
    0x20000690        -       0x00000004   Zero   RW           48    .bss.Passenger_down_sem  window.o
    0x20000694        -       0x00000004   Zero   RW           47    .bss.Passenger_up_sem  window.o
    0x20000698        -       0x00000004   Zero   RW          422    .bss.prvSampleTimeNow.xLastTime  timers.o
    0x2000069c        -       0x00000004   Zero   RW          144    .bss.pvPortMalloc.pucAlignedHeap  heap_1.o
    0x200006a0        -       0x00000004   Zero   RW          339    .bss.pxCurrentTCB   tasks.o
    0x200006a4        -       0x00000004   Zero   RW          420    .bss.pxCurrentTimerList  timers.o
    0x200006a8        -       0x00000004   Zero   RW          350    .bss.pxDelayedTaskList  tasks.o
    0x200006ac        -       0x00000004   Zero   RW          351    .bss.pxOverflowDelayedTaskList  tasks.o
    0x200006b0        -       0x00000004   Zero   RW          421    .bss.pxOverflowTimerList  timers.o
    0x200006b4        -       0x00000064   Zero   RW          341    .bss.pxReadyTasksLists  tasks.o
    0x20000718        -       0x00004000   Zero   RW          145    .bss.ucHeap         heap_1.o
    0x20004718        -       0x00000001   Zero   RW          126    .bss.ucMaxSysCallPriority  port.o
    0x20004719   COMPRESSED   0x00000003   PAD
    0x2000471c        -       0x00000004   Zero   RW          127    .bss.ulMaxPRIGROUPValue  port.o
    0x20004720        -       0x00000004   Zero   RW          346    .bss.uxCurrentNumberOfTasks  tasks.o
    0x20004724        -       0x00000004   Zero   RW          345    .bss.uxDeletedTasksWaitingCleanUp  tasks.o
    0x20004728        -       0x00000004   Zero   RW          348    .bss.uxSchedulerSuspended  tasks.o
    0x2000472c        -       0x00000004   Zero   RW          343    .bss.uxTaskNumber   tasks.o
    0x20004730        -       0x00000004   Zero   RW          342    .bss.uxTopReadyPriority  tasks.o
    0x20004734        -       0x00000014   Zero   RW          423    .bss.xActiveTimerList1  timers.o
    0x20004748        -       0x00000014   Zero   RW          424    .bss.xActiveTimerList2  timers.o
    0x2000475c        -       0x00000014   Zero   RW          360    .bss.xDelayedTaskList1  tasks.o
    0x20004770        -       0x00000014   Zero   RW          361    .bss.xDelayedTaskList2  tasks.o
    0x20004784        -       0x00000004   Zero   RW          356    .bss.xIdleTaskHandle  tasks.o
    0x20004788        -       0x00000004   Zero   RW          146    .bss.xNextFreeByte  heap_1.o
    0x2000478c        -       0x00000004   Zero   RW          357    .bss.xNextTaskUnblockTime  tasks.o
    0x20004790        -       0x00000004   Zero   RW          359    .bss.xNumOfOverflows  tasks.o
    0x20004794        -       0x00000004   Zero   RW          358    .bss.xPendedTicks   tasks.o
    0x20004798        -       0x00000014   Zero   RW          354    .bss.xPendingReadyList  tasks.o
    0x200047ac        -       0x00000004   Zero   RW          347    .bss.xSchedulerRunning  tasks.o
    0x200047b0        -       0x00000014   Zero   RW          352    .bss.xSuspendedTaskList  tasks.o
    0x200047c4        -       0x00000014   Zero   RW          344    .bss.xTasksWaitingTermination  tasks.o
    0x200047d8        -       0x00000004   Zero   RW          349    .bss.xTickCount     tasks.o
    0x200047dc        -       0x00000004   Zero   RW          417    .bss.xTimerQueue    timers.o
    0x200047e0        -       0x00000004   Zero   RW          419    .bss.xTimerTaskHandle  timers.o
    0x200047e4        -       0x00000004   Zero   RW          353    .bss.xYieldPending  tasks.o
    0x200047e8        -       0x00000200   Zero   RW           58    STACK               startup_tm4c123.o


==============================================================================

Image component sizes


      Code (inc. data)   RO Data    RW Data    ZI Data      Debug   Object Name

       228          0          0          0      16392       1834   heap_1.o
       238          0          0          0          0       2373   list.o
       674          0         57          0          0       1294   main.o
      1166         16          0          4          5       4022   port.o
      3520          0          0          0          0      16140   queue.o
       252         10        620          0        512       5520   startup_tm4c123.o
       268          0          0          4          0       6803   system_tm4c123.o
      5102          0          9          0        260      22300   tasks.o
      1208         10          8          0         60       8443   timers.o
      3680          0          0          0         39       4908   window.o

    ----------------------------------------------------------------------
     16420         48        728       1024      17272      73637   Object Totals
         0          0         32          0          0          0   (incl. Generated)
        84         12          2       1016          4          0   (incl. Padding)

    ----------------------------------------------------------------------

      Code (inc. data)   RO Data    RW Data    ZI Data      Debug   Library Member Name

       704         38        552          0          0      12242   gpio.o
       192         20        268        620          0       2679   interrupt.o
        84          8          0          0          0       1021   sysctl.o
        58          0          0          0          0          0   __dczerorl.o
         0          0          0          0          0          0   entry.o
         0          0          0          0          0          0   entry10a.o
         0          0          0          0          0          0   entry11a.o
         8          4          0          0          0          0   entry2.o
         4          0          0          0          0          0   entry5.o
         0          0          0          0          0          0   entry7b.o
         0          0          0          0          0          0   entry8b.o
         8          4          0          0          0          0   entry9a.o
        30          0          0          0          0          0   handlers.o
        36          8          0          0          0         68   init.o
        36          0          0          0          0         68   memcpya.o
        36          0          0          0          0        108   memseta.o

    ----------------------------------------------------------------------
      1200         82        820        620          4      16186   Library Totals
         4          0          0          0          4          0   (incl. Padding)

    ----------------------------------------------------------------------

      Code (inc. data)   RO Data    RW Data    ZI Data      Debug   Library Name

       980         66        820        620          0      15942   driverlib.lib
       216         16          0          0          0        244   mc_w.l

    ----------------------------------------------------------------------
      1200         82        820        620          4      16186   Library Totals

    ----------------------------------------------------------------------

==============================================================================


      Code (inc. data)   RO Data    RW Data    ZI Data      Debug   

     17620        130       1548       1644      17276      88695   Grand Totals
     17620        130       1548         24      17276      88695   ELF Image Totals (compressed)
     17620        130       1548         24          0          0   ROM Totals

==============================================================================

    Total RO  Size (Code + RO Data)                19168 (  18.72kB)
    Total RW  Size (RW Data + ZI Data)             18920 (  18.48kB)
    Total ROM Size (Code + RO Data + RW Data)      19192 (  18.74kB)

==============================================================================

